[Fri Mar 10 23:19:23 2023] Linux version 6.2.2-zen2-1-zen (linux-zen@archlinux) (gcc (GCC) 12.2.1 20230201, GNU ld (GNU Binutils) 2.40) #1 ZEN SMP PREEMPT_DYNAMIC Wed, 08 Mar 2023 04:07:25 +0000
[Fri Mar 10 23:19:23 2023] Command line: initrd=\amd-ucode.img initrd=\initramfs-linux-zen.img cryptdevice=PARTUUID=6c037d31-1889-463d-bd45-959802097cb6:luksdev root=/dev/mapper/luksdev zswap.enabled=1 zswap.compressor=lz4 zswap.max_pool_percent=20 zswap.zpool=z3fold rootflags=subvol=@ rw rootfstype=btrfs spec_store_bypass_disable=on spectre_v2=on nosmt=force kvm.nx_huge_pages=force loglevel=6 systemd.log_level=info systemd.log_target=syslog-or-kmsg ipv6.disable=1 slab_nomerge init_on_alloc=1 init_on_free=1 page_alloc.shuffle=1 pti=on randomize_kstack_offset=on vsyscall=none debugfs=off oops=panic iommu=soft mce=0 systemd.show_status=1 log_buf_len=67M
[Fri Mar 10 23:19:23 2023] x86/fpu: Supporting XSAVE feature 0x001: 'x87 floating point registers'
[Fri Mar 10 23:19:23 2023] x86/fpu: Supporting XSAVE feature 0x002: 'SSE registers'
[Fri Mar 10 23:19:23 2023] x86/fpu: Supporting XSAVE feature 0x004: 'AVX registers'
[Fri Mar 10 23:19:23 2023] x86/fpu: xstate_offset[2]:  576, xstate_sizes[2]:  256
[Fri Mar 10 23:19:23 2023] x86/fpu: Enabled xstate features 0x7, context size is 832 bytes, using 'compacted' format.
[Fri Mar 10 23:19:23 2023] signal: max sigframe size: 1776
[Fri Mar 10 23:19:23 2023] BIOS-provided physical RAM map:
[Fri Mar 10 23:19:23 2023] BIOS-e820: [mem 0x0000000000000000-0x000000000009ffff] usable
[Fri Mar 10 23:19:23 2023] BIOS-e820: [mem 0x00000000000a0000-0x00000000000fffff] reserved
[Fri Mar 10 23:19:23 2023] BIOS-e820: [mem 0x0000000000100000-0x0000000009c3efff] usable
[Fri Mar 10 23:19:23 2023] BIOS-e820: [mem 0x0000000009c3f000-0x0000000009ffffff] reserved
[Fri Mar 10 23:19:23 2023] BIOS-e820: [mem 0x000000000a000000-0x000000000a1fffff] usable
[Fri Mar 10 23:19:23 2023] BIOS-e820: [mem 0x000000000a200000-0x000000000a20afff] ACPI NVS
[Fri Mar 10 23:19:23 2023] BIOS-e820: [mem 0x000000000a20b000-0x000000000affffff] usable
[Fri Mar 10 23:19:23 2023] BIOS-e820: [mem 0x000000000b000000-0x000000000b01ffff] reserved
[Fri Mar 10 23:19:23 2023] BIOS-e820: [mem 0x000000000b020000-0x00000000bae38fff] usable
[Fri Mar 10 23:19:23 2023] BIOS-e820: [mem 0x00000000bae39000-0x00000000bc59cfff] reserved
[Fri Mar 10 23:19:23 2023] BIOS-e820: [mem 0x00000000bc59d000-0x00000000bc5dbfff] ACPI data
[Fri Mar 10 23:19:23 2023] BIOS-e820: [mem 0x00000000bc5dc000-0x00000000bcc9bfff] ACPI NVS
[Fri Mar 10 23:19:23 2023] BIOS-e820: [mem 0x00000000bcc9c000-0x00000000bdbfefff] reserved
[Fri Mar 10 23:19:23 2023] BIOS-e820: [mem 0x00000000bdbff000-0x00000000beffffff] usable
[Fri Mar 10 23:19:23 2023] BIOS-e820: [mem 0x00000000bf000000-0x00000000bfffffff] reserved
[Fri Mar 10 23:19:23 2023] BIOS-e820: [mem 0x00000000f0000000-0x00000000f7ffffff] reserved
[Fri Mar 10 23:19:23 2023] BIOS-e820: [mem 0x00000000fd100000-0x00000000fd1fffff] reserved
[Fri Mar 10 23:19:23 2023] BIOS-e820: [mem 0x00000000fea00000-0x00000000fea0ffff] reserved
[Fri Mar 10 23:19:23 2023] BIOS-e820: [mem 0x00000000feb80000-0x00000000fec01fff] reserved
[Fri Mar 10 23:19:23 2023] BIOS-e820: [mem 0x00000000fec10000-0x00000000fec10fff] reserved
[Fri Mar 10 23:19:23 2023] BIOS-e820: [mem 0x00000000fec30000-0x00000000fec30fff] reserved
[Fri Mar 10 23:19:23 2023] BIOS-e820: [mem 0x00000000fed00000-0x00000000fed00fff] reserved
[Fri Mar 10 23:19:23 2023] BIOS-e820: [mem 0x00000000fed40000-0x00000000fed44fff] reserved
[Fri Mar 10 23:19:23 2023] BIOS-e820: [mem 0x00000000fed80000-0x00000000fed8ffff] reserved
[Fri Mar 10 23:19:23 2023] BIOS-e820: [mem 0x00000000fedc2000-0x00000000fedcffff] reserved
[Fri Mar 10 23:19:23 2023] BIOS-e820: [mem 0x00000000fedd4000-0x00000000fedd5fff] reserved
[Fri Mar 10 23:19:23 2023] BIOS-e820: [mem 0x00000000ff000000-0x00000000ffffffff] reserved
[Fri Mar 10 23:19:23 2023] BIOS-e820: [mem 0x0000000100000000-0x000000043f37ffff] usable
[Fri Mar 10 23:19:23 2023] BIOS-e820: [mem 0x000000043f380000-0x000000043fffffff] reserved
[Fri Mar 10 23:19:23 2023] SMT: Force disabled
[Fri Mar 10 23:19:23 2023] NX (Execute Disable) protection: active
[Fri Mar 10 23:19:23 2023] e820: update [mem 0xb5895018-0xb58a6057] usable ==> usable
[Fri Mar 10 23:19:23 2023] e820: update [mem 0xb5895018-0xb58a6057] usable ==> usable
[Fri Mar 10 23:19:23 2023] e820: update [mem 0xb3382018-0xb339bc57] usable ==> usable
[Fri Mar 10 23:19:23 2023] e820: update [mem 0xb3382018-0xb339bc57] usable ==> usable
[Fri Mar 10 23:19:23 2023] extended physical RAM map:
[Fri Mar 10 23:19:23 2023] reserve setup_data: [mem 0x0000000000000000-0x000000000009ffff] usable
[Fri Mar 10 23:19:23 2023] reserve setup_data: [mem 0x00000000000a0000-0x00000000000fffff] reserved
[Fri Mar 10 23:19:23 2023] reserve setup_data: [mem 0x0000000000100000-0x0000000009c3efff] usable
[Fri Mar 10 23:19:23 2023] reserve setup_data: [mem 0x0000000009c3f000-0x0000000009ffffff] reserved
[Fri Mar 10 23:19:23 2023] reserve setup_data: [mem 0x000000000a000000-0x000000000a1fffff] usable
[Fri Mar 10 23:19:23 2023] reserve setup_data: [mem 0x000000000a200000-0x000000000a20afff] ACPI NVS
[Fri Mar 10 23:19:23 2023] reserve setup_data: [mem 0x000000000a20b000-0x000000000affffff] usable
[Fri Mar 10 23:19:23 2023] reserve setup_data: [mem 0x000000000b000000-0x000000000b01ffff] reserved
[Fri Mar 10 23:19:23 2023] reserve setup_data: [mem 0x000000000b020000-0x00000000b3382017] usable
[Fri Mar 10 23:19:23 2023] reserve setup_data: [mem 0x00000000b3382018-0x00000000b339bc57] usable
[Fri Mar 10 23:19:23 2023] reserve setup_data: [mem 0x00000000b339bc58-0x00000000b5895017] usable
[Fri Mar 10 23:19:23 2023] reserve setup_data: [mem 0x00000000b5895018-0x00000000b58a6057] usable
[Fri Mar 10 23:19:23 2023] reserve setup_data: [mem 0x00000000b58a6058-0x00000000bae38fff] usable
[Fri Mar 10 23:19:23 2023] reserve setup_data: [mem 0x00000000bae39000-0x00000000bc59cfff] reserved
[Fri Mar 10 23:19:23 2023] reserve setup_data: [mem 0x00000000bc59d000-0x00000000bc5dbfff] ACPI data
[Fri Mar 10 23:19:23 2023] reserve setup_data: [mem 0x00000000bc5dc000-0x00000000bcc9bfff] ACPI NVS
[Fri Mar 10 23:19:23 2023] reserve setup_data: [mem 0x00000000bcc9c000-0x00000000bdbfefff] reserved
[Fri Mar 10 23:19:23 2023] reserve setup_data: [mem 0x00000000bdbff000-0x00000000beffffff] usable
[Fri Mar 10 23:19:23 2023] reserve setup_data: [mem 0x00000000bf000000-0x00000000bfffffff] reserved
[Fri Mar 10 23:19:23 2023] reserve setup_data: [mem 0x00000000f0000000-0x00000000f7ffffff] reserved
[Fri Mar 10 23:19:23 2023] reserve setup_data: [mem 0x00000000fd100000-0x00000000fd1fffff] reserved
[Fri Mar 10 23:19:23 2023] reserve setup_data: [mem 0x00000000fea00000-0x00000000fea0ffff] reserved
[Fri Mar 10 23:19:23 2023] reserve setup_data: [mem 0x00000000feb80000-0x00000000fec01fff] reserved
[Fri Mar 10 23:19:23 2023] reserve setup_data: [mem 0x00000000fec10000-0x00000000fec10fff] reserved
[Fri Mar 10 23:19:23 2023] reserve setup_data: [mem 0x00000000fec30000-0x00000000fec30fff] reserved
[Fri Mar 10 23:19:23 2023] reserve setup_data: [mem 0x00000000fed00000-0x00000000fed00fff] reserved
[Fri Mar 10 23:19:23 2023] reserve setup_data: [mem 0x00000000fed40000-0x00000000fed44fff] reserved
[Fri Mar 10 23:19:23 2023] reserve setup_data: [mem 0x00000000fed80000-0x00000000fed8ffff] reserved
[Fri Mar 10 23:19:23 2023] reserve setup_data: [mem 0x00000000fedc2000-0x00000000fedcffff] reserved
[Fri Mar 10 23:19:23 2023] reserve setup_data: [mem 0x00000000fedd4000-0x00000000fedd5fff] reserved
[Fri Mar 10 23:19:23 2023] reserve setup_data: [mem 0x00000000ff000000-0x00000000ffffffff] reserved
[Fri Mar 10 23:19:23 2023] reserve setup_data: [mem 0x0000000100000000-0x000000043f37ffff] usable
[Fri Mar 10 23:19:23 2023] reserve setup_data: [mem 0x000000043f380000-0x000000043fffffff] reserved
[Fri Mar 10 23:19:23 2023] efi: EFI v2.70 by American Megatrends
[Fri Mar 10 23:19:23 2023] efi: ACPI=0xbcc85000 ACPI 2.0=0xbcc85014 TPMFinalLog=0xbcc50000 SMBIOS=0xbda27000 SMBIOS 3.0=0xbda26000 MEMATTR=0xb5b33018 ESRT=0xb961b518 RNG=0xbc5a8f18 INITRD=0xb5aaae98 TPMEventLog=0xb58a7018
[Fri Mar 10 23:19:23 2023] random: crng init done
[Fri Mar 10 23:19:23 2023] efi: Remove mem313: MMIO range=[0xf0000000-0xf7ffffff] (128MB) from e820 map
[Fri Mar 10 23:19:23 2023] e820: remove [mem 0xf0000000-0xf7ffffff] reserved
[Fri Mar 10 23:19:23 2023] efi: Remove mem314: MMIO range=[0xfd100000-0xfd1fffff] (1MB) from e820 map
[Fri Mar 10 23:19:23 2023] e820: remove [mem 0xfd100000-0xfd1fffff] reserved
[Fri Mar 10 23:19:23 2023] efi: Not removing mem315: MMIO range=[0xfea00000-0xfea0ffff] (64KB) from e820 map
[Fri Mar 10 23:19:23 2023] efi: Remove mem316: MMIO range=[0xfeb80000-0xfec01fff] (0MB) from e820 map
[Fri Mar 10 23:19:23 2023] e820: remove [mem 0xfeb80000-0xfec01fff] reserved
[Fri Mar 10 23:19:23 2023] efi: Not removing mem317: MMIO range=[0xfec10000-0xfec10fff] (4KB) from e820 map
[Fri Mar 10 23:19:23 2023] efi: Not removing mem318: MMIO range=[0xfec30000-0xfec30fff] (4KB) from e820 map
[Fri Mar 10 23:19:23 2023] efi: Not removing mem319: MMIO range=[0xfed00000-0xfed00fff] (4KB) from e820 map
[Fri Mar 10 23:19:23 2023] efi: Not removing mem320: MMIO range=[0xfed40000-0xfed44fff] (20KB) from e820 map
[Fri Mar 10 23:19:23 2023] efi: Not removing mem321: MMIO range=[0xfed80000-0xfed8ffff] (64KB) from e820 map
[Fri Mar 10 23:19:23 2023] efi: Not removing mem322: MMIO range=[0xfedc2000-0xfedcffff] (56KB) from e820 map
[Fri Mar 10 23:19:23 2023] efi: Not removing mem323: MMIO range=[0xfedd4000-0xfedd5fff] (8KB) from e820 map
[Fri Mar 10 23:19:23 2023] efi: Remove mem324: MMIO range=[0xff000000-0xffffffff] (16MB) from e820 map
[Fri Mar 10 23:19:23 2023] e820: remove [mem 0xff000000-0xffffffff] reserved
[Fri Mar 10 23:19:23 2023] SMBIOS 3.3.0 present.
[Fri Mar 10 23:19:23 2023] DMI: Gigabyte Technology Co., Ltd. AX370-Gaming K5/AX370-Gaming K5-CF, BIOS F51g 07/27/2022
[Fri Mar 10 23:19:23 2023] tsc: Fast TSC calibration using PIT
[Fri Mar 10 23:19:23 2023] tsc: Detected 3400.195 MHz processor
[Fri Mar 10 23:19:23 2023] e820: update [mem 0x00000000-0x00000fff] usable ==> reserved
[Fri Mar 10 23:19:23 2023] e820: remove [mem 0x000a0000-0x000fffff] usable
[Fri Mar 10 23:19:23 2023] last_pfn = 0x43f380 max_arch_pfn = 0x400000000
[Fri Mar 10 23:19:23 2023] x86/PAT: Configuration [0-7]: WB  WC  UC- UC  WB  WP  UC- WT
[Fri Mar 10 23:19:23 2023] e820: update [mem 0xc0000000-0xffffffff] usable ==> reserved
[Fri Mar 10 23:19:23 2023] last_pfn = 0xbf000 max_arch_pfn = 0x400000000
[Fri Mar 10 23:19:23 2023] esrt: Reserving ESRT space from 0x00000000b961b518 to 0x00000000b961b550.
[Fri Mar 10 23:19:23 2023] e820: update [mem 0xb961b000-0xb961bfff] usable ==> reserved
[Fri Mar 10 23:19:23 2023] Kernel/User page tables isolation: force enabled on command line.
[Fri Mar 10 23:19:23 2023] Using GB pages for direct mapping
[Fri Mar 10 23:19:23 2023] printk: log_buf_len: 134217728 bytes
[Fri Mar 10 23:19:23 2023] printk: early log buf free: 122120(93%)
[Fri Mar 10 23:19:23 2023] Secure boot disabled
[Fri Mar 10 23:19:23 2023] RAMDISK: [mem 0xac63a000-0xaead6fff]
[Fri Mar 10 23:19:23 2023] ACPI: Early table checksum verification disabled
[Fri Mar 10 23:19:23 2023] ACPI: RSDP 0x00000000BCC85014 000024 (v02 ALASKA)
[Fri Mar 10 23:19:23 2023] ACPI: XSDT 0x00000000BCC84728 0000CC (v01 ALASKA A M I    01072009 AMI  01000013)
[Fri Mar 10 23:19:23 2023] ACPI: FACP 0x00000000BC5C6000 000114 (v06 ALASKA A M I    01072009 AMI  00010013)
[Fri Mar 10 23:19:23 2023] ACPI: DSDT 0x00000000BC5BF000 00638C (v02 ALASKA A M I    01072009 INTL 20190509)
[Fri Mar 10 23:19:23 2023] ACPI: FACS 0x00000000BCC4E000 000040
[Fri Mar 10 23:19:23 2023] ACPI: SSDT 0x00000000BC5D5000 006469 (v02 GBT    GSWApp   00000001 INTL 20190509)
[Fri Mar 10 23:19:23 2023] ACPI: SSDT 0x00000000BC5CC000 008C98 (v02 AMD    AmdTable 00000002 MSFT 04000000)
[Fri Mar 10 23:19:23 2023] ACPI: SSDT 0x00000000BC5C8000 003D74 (v01 AMD    AMD AOD  00000001 INTL 20190509)
[Fri Mar 10 23:19:23 2023] ACPI: SSDT 0x00000000BC5C7000 0000FC (v02 ALASKA CPUSSDT  01072009 AMI  01072009)
[Fri Mar 10 23:19:23 2023] ACPI: FIDT 0x00000000BC5BE000 00009C (v01 ALASKA A M I    01072009 AMI  00010013)
[Fri Mar 10 23:19:23 2023] ACPI: MCFG 0x00000000BC5BD000 00003C (v01 ALASKA A M I    01072009 MSFT 00010013)
[Fri Mar 10 23:19:23 2023] ACPI: HPET 0x00000000BC5BC000 000038 (v01 ALASKA A M I    01072009 AMI  00000005)
[Fri Mar 10 23:19:23 2023] ACPI: SSDT 0x00000000BC5BB000 000024 (v01 AMD    FCHZP    00001000 INTL 20190509)
[Fri Mar 10 23:19:23 2023] ACPI: FPDT 0x00000000BC5BA000 000044 (v01 ALASKA A M I    01072009 AMI  01000013)
[Fri Mar 10 23:19:23 2023] ACPI: BGRT 0x00000000BC5B9000 000038 (v01 ALASKA A M I    01072009 AMI  00010013)
[Fri Mar 10 23:19:23 2023] ACPI: TPM2 0x00000000BC5B8000 00004C (v04 ALASKA A M I    00000001 AMI  00000000)
[Fri Mar 10 23:19:23 2023] ACPI: IVRS 0x00000000BC5B7000 0000D0 (v02 AMD    AmdTable 00000001 AMD  00000000)
[Fri Mar 10 23:19:23 2023] ACPI: SSDT 0x00000000BC5B4000 002314 (v02 AMD    AmdTable 00000001 AMD  00000001)
[Fri Mar 10 23:19:23 2023] ACPI: CRAT 0x00000000BC5B3000 000F50 (v01 AMD    AmdTable 00000001 AMD  00000001)
[Fri Mar 10 23:19:23 2023] ACPI: CDIT 0x00000000BC5B2000 000029 (v01 AMD    AmdTable 00000001 AMD  00000001)
[Fri Mar 10 23:19:23 2023] ACPI: SSDT 0x00000000BC5AE000 0039F7 (v01 AMD    MYRTLE   00000001 INTL 20190509)
[Fri Mar 10 23:19:23 2023] ACPI: SSDT 0x00000000BC5AD000 0000BF (v01 AMD    AmdTable 00001000 INTL 20190509)
[Fri Mar 10 23:19:23 2023] ACPI: WSMT 0x00000000BC5AC000 000028 (v01 ALASKA A M I    01072009 AMI  00010013)
[Fri Mar 10 23:19:23 2023] ACPI: APIC 0x00000000BC5AB000 00015E (v04 ALASKA A M I    01072009 AMI  00010013)
[Fri Mar 10 23:19:23 2023] ACPI: SSDT 0x00000000BC5A9000 00147F (v01 AMD    MYRTLE   00000001 INTL 20190509)
[Fri Mar 10 23:19:23 2023] ACPI: Reserving FACP table memory at [mem 0xbc5c6000-0xbc5c6113]
[Fri Mar 10 23:19:23 2023] ACPI: Reserving DSDT table memory at [mem 0xbc5bf000-0xbc5c538b]
[Fri Mar 10 23:19:23 2023] ACPI: Reserving FACS table memory at [mem 0xbcc4e000-0xbcc4e03f]
[Fri Mar 10 23:19:23 2023] ACPI: Reserving SSDT table memory at [mem 0xbc5d5000-0xbc5db468]
[Fri Mar 10 23:19:23 2023] ACPI: Reserving SSDT table memory at [mem 0xbc5cc000-0xbc5d4c97]
[Fri Mar 10 23:19:23 2023] ACPI: Reserving SSDT table memory at [mem 0xbc5c8000-0xbc5cbd73]
[Fri Mar 10 23:19:23 2023] ACPI: Reserving SSDT table memory at [mem 0xbc5c7000-0xbc5c70fb]
[Fri Mar 10 23:19:23 2023] ACPI: Reserving FIDT table memory at [mem 0xbc5be000-0xbc5be09b]
[Fri Mar 10 23:19:23 2023] ACPI: Reserving MCFG table memory at [mem 0xbc5bd000-0xbc5bd03b]
[Fri Mar 10 23:19:23 2023] ACPI: Reserving HPET table memory at [mem 0xbc5bc000-0xbc5bc037]
[Fri Mar 10 23:19:23 2023] ACPI: Reserving SSDT table memory at [mem 0xbc5bb000-0xbc5bb023]
[Fri Mar 10 23:19:23 2023] ACPI: Reserving FPDT table memory at [mem 0xbc5ba000-0xbc5ba043]
[Fri Mar 10 23:19:23 2023] ACPI: Reserving BGRT table memory at [mem 0xbc5b9000-0xbc5b9037]
[Fri Mar 10 23:19:23 2023] ACPI: Reserving TPM2 table memory at [mem 0xbc5b8000-0xbc5b804b]
[Fri Mar 10 23:19:23 2023] ACPI: Reserving IVRS table memory at [mem 0xbc5b7000-0xbc5b70cf]
[Fri Mar 10 23:19:23 2023] ACPI: Reserving SSDT table memory at [mem 0xbc5b4000-0xbc5b6313]
[Fri Mar 10 23:19:23 2023] ACPI: Reserving CRAT table memory at [mem 0xbc5b3000-0xbc5b3f4f]
[Fri Mar 10 23:19:23 2023] ACPI: Reserving CDIT table memory at [mem 0xbc5b2000-0xbc5b2028]
[Fri Mar 10 23:19:23 2023] ACPI: Reserving SSDT table memory at [mem 0xbc5ae000-0xbc5b19f6]
[Fri Mar 10 23:19:23 2023] ACPI: Reserving SSDT table memory at [mem 0xbc5ad000-0xbc5ad0be]
[Fri Mar 10 23:19:23 2023] ACPI: Reserving WSMT table memory at [mem 0xbc5ac000-0xbc5ac027]
[Fri Mar 10 23:19:23 2023] ACPI: Reserving APIC table memory at [mem 0xbc5ab000-0xbc5ab15d]
[Fri Mar 10 23:19:23 2023] ACPI: Reserving SSDT table memory at [mem 0xbc5a9000-0xbc5aa47e]
[Fri Mar 10 23:19:23 2023] system APIC only can use physical flat
[Fri Mar 10 23:19:23 2023] Setting APIC routing to physical flat.
[Fri Mar 10 23:19:23 2023] No NUMA configuration found
[Fri Mar 10 23:19:23 2023] Faking a node at [mem 0x0000000000000000-0x000000043f37ffff]
[Fri Mar 10 23:19:23 2023] NODE_DATA(0) allocated [mem 0x41b37b000-0x41b37ffff]
[Fri Mar 10 23:19:23 2023] Zone ranges:
[Fri Mar 10 23:19:23 2023]   DMA      [mem 0x0000000000001000-0x0000000000ffffff]
[Fri Mar 10 23:19:23 2023]   DMA32    [mem 0x0000000001000000-0x00000000ffffffff]
[Fri Mar 10 23:19:23 2023]   Normal   [mem 0x0000000100000000-0x000000043f37ffff]
[Fri Mar 10 23:19:23 2023]   Device   empty
[Fri Mar 10 23:19:23 2023] Movable zone start for each node
[Fri Mar 10 23:19:23 2023] Early memory node ranges
[Fri Mar 10 23:19:23 2023]   node   0: [mem 0x0000000000001000-0x000000000009ffff]
[Fri Mar 10 23:19:23 2023]   node   0: [mem 0x0000000000100000-0x0000000009c3efff]
[Fri Mar 10 23:19:23 2023]   node   0: [mem 0x000000000a000000-0x000000000a1fffff]
[Fri Mar 10 23:19:23 2023]   node   0: [mem 0x000000000a20b000-0x000000000affffff]
[Fri Mar 10 23:19:23 2023]   node   0: [mem 0x000000000b020000-0x00000000bae38fff]
[Fri Mar 10 23:19:23 2023]   node   0: [mem 0x00000000bdbff000-0x00000000beffffff]
[Fri Mar 10 23:19:23 2023]   node   0: [mem 0x0000000100000000-0x000000043f37ffff]
[Fri Mar 10 23:19:23 2023] Initmem setup node 0 [mem 0x0000000000001000-0x000000043f37ffff]
[Fri Mar 10 23:19:23 2023] On node 0, zone DMA: 1 pages in unavailable ranges
[Fri Mar 10 23:19:23 2023] On node 0, zone DMA: 96 pages in unavailable ranges
[Fri Mar 10 23:19:23 2023] On node 0, zone DMA32: 961 pages in unavailable ranges
[Fri Mar 10 23:19:23 2023] On node 0, zone DMA32: 11 pages in unavailable ranges
[Fri Mar 10 23:19:23 2023] On node 0, zone DMA32: 32 pages in unavailable ranges
[Fri Mar 10 23:19:23 2023] On node 0, zone DMA32: 11718 pages in unavailable ranges
[Fri Mar 10 23:19:23 2023] On node 0, zone Normal: 4096 pages in unavailable ranges
[Fri Mar 10 23:19:23 2023] On node 0, zone Normal: 3200 pages in unavailable ranges
[Fri Mar 10 23:19:23 2023] ACPI: PM-Timer IO Port: 0x808
[Fri Mar 10 23:19:23 2023] system APIC only can use physical flat
[Fri Mar 10 23:19:23 2023] ACPI: LAPIC_NMI (acpi_id[0xff] high edge lint[0x1])
[Fri Mar 10 23:19:23 2023] IOAPIC[0]: apic_id 17, version 33, address 0xfec00000, GSI 0-23
[Fri Mar 10 23:19:23 2023] IOAPIC[1]: apic_id 18, version 33, address 0xfec01000, GSI 24-55
[Fri Mar 10 23:19:23 2023] ACPI: INT_SRC_OVR (bus 0 bus_irq 0 global_irq 2 dfl dfl)
[Fri Mar 10 23:19:23 2023] ACPI: INT_SRC_OVR (bus 0 bus_irq 9 global_irq 9 low level)
[Fri Mar 10 23:19:23 2023] ACPI: Using ACPI (MADT) for SMP configuration information
[Fri Mar 10 23:19:23 2023] ACPI: HPET id: 0x10228201 base: 0xfed00000
[Fri Mar 10 23:19:23 2023] e820: update [mem 0xb69b9000-0xb6a0ffff] usable ==> reserved
[Fri Mar 10 23:19:23 2023] smpboot: Allowing 32 CPUs, 16 hotplug CPUs
[Fri Mar 10 23:19:23 2023] PM: hibernation: Registered nosave memory: [mem 0x00000000-0x00000fff]
[Fri Mar 10 23:19:23 2023] PM: hibernation: Registered nosave memory: [mem 0x000a0000-0x000fffff]
[Fri Mar 10 23:19:23 2023] PM: hibernation: Registered nosave memory: [mem 0x09c3f000-0x09ffffff]
[Fri Mar 10 23:19:23 2023] PM: hibernation: Registered nosave memory: [mem 0x0a200000-0x0a20afff]
[Fri Mar 10 23:19:23 2023] PM: hibernation: Registered nosave memory: [mem 0x0b000000-0x0b01ffff]
[Fri Mar 10 23:19:23 2023] PM: hibernation: Registered nosave memory: [mem 0xb3382000-0xb3382fff]
[Fri Mar 10 23:19:23 2023] PM: hibernation: Registered nosave memory: [mem 0xb339b000-0xb339bfff]
[Fri Mar 10 23:19:23 2023] PM: hibernation: Registered nosave memory: [mem 0xb5895000-0xb5895fff]
[Fri Mar 10 23:19:23 2023] PM: hibernation: Registered nosave memory: [mem 0xb58a6000-0xb58a6fff]
[Fri Mar 10 23:19:23 2023] PM: hibernation: Registered nosave memory: [mem 0xb69b9000-0xb6a0ffff]
[Fri Mar 10 23:19:23 2023] PM: hibernation: Registered nosave memory: [mem 0xb961b000-0xb961bfff]
[Fri Mar 10 23:19:23 2023] PM: hibernation: Registered nosave memory: [mem 0xbae39000-0xbc59cfff]
[Fri Mar 10 23:19:23 2023] PM: hibernation: Registered nosave memory: [mem 0xbc59d000-0xbc5dbfff]
[Fri Mar 10 23:19:23 2023] PM: hibernation: Registered nosave memory: [mem 0xbc5dc000-0xbcc9bfff]
[Fri Mar 10 23:19:23 2023] PM: hibernation: Registered nosave memory: [mem 0xbcc9c000-0xbdbfefff]
[Fri Mar 10 23:19:23 2023] PM: hibernation: Registered nosave memory: [mem 0xbf000000-0xbfffffff]
[Fri Mar 10 23:19:23 2023] PM: hibernation: Registered nosave memory: [mem 0xc0000000-0xfe9fffff]
[Fri Mar 10 23:19:23 2023] PM: hibernation: Registered nosave memory: [mem 0xfea00000-0xfea0ffff]
[Fri Mar 10 23:19:23 2023] PM: hibernation: Registered nosave memory: [mem 0xfea10000-0xfec0ffff]
[Fri Mar 10 23:19:23 2023] PM: hibernation: Registered nosave memory: [mem 0xfec10000-0xfec10fff]
[Fri Mar 10 23:19:23 2023] PM: hibernation: Registered nosave memory: [mem 0xfec11000-0xfec2ffff]
[Fri Mar 10 23:19:23 2023] PM: hibernation: Registered nosave memory: [mem 0xfec30000-0xfec30fff]
[Fri Mar 10 23:19:23 2023] PM: hibernation: Registered nosave memory: [mem 0xfec31000-0xfecfffff]
[Fri Mar 10 23:19:23 2023] PM: hibernation: Registered nosave memory: [mem 0xfed00000-0xfed00fff]
[Fri Mar 10 23:19:23 2023] PM: hibernation: Registered nosave memory: [mem 0xfed01000-0xfed3ffff]
[Fri Mar 10 23:19:23 2023] PM: hibernation: Registered nosave memory: [mem 0xfed40000-0xfed44fff]
[Fri Mar 10 23:19:23 2023] PM: hibernation: Registered nosave memory: [mem 0xfed45000-0xfed7ffff]
[Fri Mar 10 23:19:23 2023] PM: hibernation: Registered nosave memory: [mem 0xfed80000-0xfed8ffff]
[Fri Mar 10 23:19:23 2023] PM: hibernation: Registered nosave memory: [mem 0xfed90000-0xfedc1fff]
[Fri Mar 10 23:19:23 2023] PM: hibernation: Registered nosave memory: [mem 0xfedc2000-0xfedcffff]
[Fri Mar 10 23:19:23 2023] PM: hibernation: Registered nosave memory: [mem 0xfedd0000-0xfedd3fff]
[Fri Mar 10 23:19:23 2023] PM: hibernation: Registered nosave memory: [mem 0xfedd4000-0xfedd5fff]
[Fri Mar 10 23:19:23 2023] PM: hibernation: Registered nosave memory: [mem 0xfedd6000-0xffffffff]
[Fri Mar 10 23:19:23 2023] [mem 0xc0000000-0xfe9fffff] available for PCI devices
[Fri Mar 10 23:19:23 2023] Booting paravirtualized kernel on bare hardware
[Fri Mar 10 23:19:23 2023] clocksource: refined-jiffies: mask: 0xffffffff max_cycles: 0xffffffff, max_idle_ns: 1910969940391419 ns
[Fri Mar 10 23:19:23 2023] setup_percpu: NR_CPUS:320 nr_cpumask_bits:32 nr_cpu_ids:32 nr_node_ids:1
[Fri Mar 10 23:19:23 2023] percpu: Embedded 63 pages/cpu s221184 r8192 d28672 u262144
[Fri Mar 10 23:19:23 2023] pcpu-alloc: s221184 r8192 d28672 u262144 alloc=1*2097152
[Fri Mar 10 23:19:23 2023] pcpu-alloc: [0] 00 01 02 03 04 05 06 07 [0] 08 09 10 11 12 13 14 15
[Fri Mar 10 23:19:23 2023] pcpu-alloc: [0] 16 17 18 19 20 21 22 23 [0] 24 25 26 27 28 29 30 31
[Fri Mar 10 23:19:23 2023] Fallback order for Node 0: 0
[Fri Mar 10 23:19:23 2023] Built 1 zonelists, mobility grouping on.  Total pages: 4108806
[Fri Mar 10 23:19:23 2023] Policy zone: Normal
[Fri Mar 10 23:19:23 2023] Kernel command line: initrd=\amd-ucode.img initrd=\initramfs-linux-zen.img cryptdevice=PARTUUID=6c037d31-1889-463d-bd45-959802097cb6:luksdev root=/dev/mapper/luksdev zswap.enabled=1 zswap.compressor=lz4 zswap.max_pool_percent=20 zswap.zpool=z3fold rootflags=subvol=@ rw rootfstype=btrfs spec_store_bypass_disable=on spectre_v2=on nosmt=force kvm.nx_huge_pages=force loglevel=6 systemd.log_level=info systemd.log_target=syslog-or-kmsg ipv6.disable=1 slab_nomerge init_on_alloc=1 init_on_free=1 page_alloc.shuffle=1 pti=on randomize_kstack_offset=on vsyscall=none debugfs=off oops=panic iommu=soft mce=0 systemd.show_status=1 log_buf_len=67M
[Fri Mar 10 23:19:23 2023] Unknown kernel command line parameters "cryptdevice=PARTUUID=6c037d31-1889-463d-bd45-959802097cb6:luksdev spec_store_bypass_disable=on spectre_v2=on pti=on", will be passed to user space.
[Fri Mar 10 23:19:23 2023] Dentry cache hash table entries: 2097152 (order: 12, 16777216 bytes, linear)
[Fri Mar 10 23:19:23 2023] Inode-cache hash table entries: 1048576 (order: 11, 8388608 bytes, linear)
[Fri Mar 10 23:19:23 2023] mem auto-init: stack:all(zero), heap alloc:on, heap free:on
[Fri Mar 10 23:19:23 2023] mem auto-init: clearing system memory may take some time...
[Fri Mar 10 23:19:23 2023] software IO TLB: area num 32.
[Fri Mar 10 23:19:25 2023] Memory: 15513520K/16696756K available (18432K kernel code, 2116K rwdata, 12528K rodata, 3272K init, 3976K bss, 1182976K reserved, 0K cma-reserved)
[Fri Mar 10 23:19:25 2023] SLUB: HWalign=64, Order=0-3, MinObjects=0, CPUs=32, Nodes=1
[Fri Mar 10 23:19:25 2023] Kernel/User page tables isolation: enabled
[Fri Mar 10 23:19:25 2023] ftrace: allocating 44755 entries in 175 pages
[Fri Mar 10 23:19:25 2023] ftrace: allocated 175 pages with 6 groups
[Fri Mar 10 23:19:25 2023] Dynamic Preempt: full
[Fri Mar 10 23:19:25 2023] rcu: Preemptible hierarchical RCU implementation.
[Fri Mar 10 23:19:25 2023] rcu: 	RCU restricting CPUs from NR_CPUS=320 to nr_cpu_ids=32.
[Fri Mar 10 23:19:25 2023] rcu: 	RCU priority boosting: priority 1 delay 500 ms.
[Fri Mar 10 23:19:25 2023] 	Trampoline variant of Tasks RCU enabled.
[Fri Mar 10 23:19:25 2023] 	Rude variant of Tasks RCU enabled.
[Fri Mar 10 23:19:25 2023] 	Tracing variant of Tasks RCU enabled.
[Fri Mar 10 23:19:25 2023] rcu: RCU calculated value of scheduler-enlistment delay is 100 jiffies.
[Fri Mar 10 23:19:25 2023] rcu: Adjusting geometry for rcu_fanout_leaf=16, nr_cpu_ids=32
[Fri Mar 10 23:19:25 2023] NR_IRQS: 20736, nr_irqs: 1224, preallocated irqs: 16
[Fri Mar 10 23:19:25 2023] rcu: srcu_init: Setting srcu_struct sizes based on contention.
[Fri Mar 10 23:19:25 2023] kfence: initialized - using 2097152 bytes for 255 objects at 0x(____ptrval____)-0x(____ptrval____)
[Fri Mar 10 23:19:25 2023] Console: colour dummy device 80x25
[Fri Mar 10 23:19:25 2023] printk: console [tty0] enabled
[Fri Mar 10 23:19:25 2023] ACPI: Core revision 20221020
[Fri Mar 10 23:19:25 2023] clocksource: hpet: mask: 0xffffffff max_cycles: 0xffffffff, max_idle_ns: 133484873504 ns
[Fri Mar 10 23:19:25 2023] APIC: Switch to symmetric I/O mode setup
[Fri Mar 10 23:19:25 2023] AMD-Vi: Using global IVHD EFR:0xf77ef22294ada, EFR2:0x0
[Fri Mar 10 23:19:25 2023] ..TIMER: vector=0x30 apic1=0 pin1=2 apic2=-1 pin2=-1
[Fri Mar 10 23:19:25 2023] clocksource: tsc-early: mask: 0xffffffffffffffff max_cycles: 0x310306e44b4, max_idle_ns: 440795223829 ns
[Fri Mar 10 23:19:25 2023] Calibrating delay loop (skipped), value calculated using timer frequency.. 6800.39 BogoMIPS (lpj=3400195)
[Fri Mar 10 23:19:25 2023] pid_max: default: 32768 minimum: 301
[Fri Mar 10 23:19:25 2023] LSM: initializing lsm=capability,landlock,lockdown,yama,integrity,bpf
[Fri Mar 10 23:19:25 2023] landlock: Up and running.
[Fri Mar 10 23:19:25 2023] Yama: becoming mindful.
[Fri Mar 10 23:19:25 2023] LSM support for eBPF active
[Fri Mar 10 23:19:25 2023] Mount-cache hash table entries: 32768 (order: 6, 262144 bytes, linear)
[Fri Mar 10 23:19:25 2023] Mountpoint-cache hash table entries: 32768 (order: 6, 262144 bytes, linear)
[Fri Mar 10 23:19:25 2023] LVT offset 1 assigned for vector 0xf9
[Fri Mar 10 23:19:25 2023] LVT offset 2 assigned for vector 0xf4
[Fri Mar 10 23:19:25 2023] Last level iTLB entries: 4KB 1024, 2MB 1024, 4MB 512
[Fri Mar 10 23:19:25 2023] Last level dTLB entries: 4KB 1536, 2MB 1536, 4MB 768, 1GB 0
[Fri Mar 10 23:19:25 2023] Spectre V1 : Mitigation: usercopy/swapgs barriers and __user pointer sanitization
[Fri Mar 10 23:19:25 2023] Spectre V2 : Mitigation: Retpolines
[Fri Mar 10 23:19:25 2023] Spectre V2 : Spectre v2 / SpectreRSB mitigation: Filling RSB on context switch
[Fri Mar 10 23:19:25 2023] Spectre V2 : Spectre v2 / SpectreRSB : Filling RSB on VMEXIT
[Fri Mar 10 23:19:25 2023] Spectre V2 : Enabling Speculation Barrier for firmware calls
[Fri Mar 10 23:19:25 2023] RETBleed: Mitigation: untrained return thunk
[Fri Mar 10 23:19:25 2023] Spectre V2 : mitigation: Enabling always-on Indirect Branch Prediction Barrier
[Fri Mar 10 23:19:25 2023] Speculative Store Bypass: Mitigation: Speculative Store Bypass disabled
[Fri Mar 10 23:19:25 2023] Freeing SMP alternatives memory: 48K
[Fri Mar 10 23:19:25 2023] smpboot: CPU0: AMD Ryzen 7 1700X Eight-Core Processor (family: 0x17, model: 0x1, stepping: 0x1)
[Fri Mar 10 23:19:25 2023] cblist_init_generic: Setting adjustable number of callback queues.
[Fri Mar 10 23:19:25 2023] cblist_init_generic: Setting shift to 5 and lim to 1.
[Fri Mar 10 23:19:25 2023] cblist_init_generic: Setting shift to 5 and lim to 1.
[Fri Mar 10 23:19:25 2023] cblist_init_generic: Setting shift to 5 and lim to 1.
[Fri Mar 10 23:19:25 2023] Performance Events: Fam17h+ core perfctr, AMD PMU driver.
[Fri Mar 10 23:19:25 2023] ... version:                0
[Fri Mar 10 23:19:25 2023] ... bit width:              48
[Fri Mar 10 23:19:25 2023] ... generic registers:      6
[Fri Mar 10 23:19:25 2023] ... value mask:             0000ffffffffffff
[Fri Mar 10 23:19:25 2023] ... max period:             00007fffffffffff
[Fri Mar 10 23:19:25 2023] ... fixed-purpose events:   0
[Fri Mar 10 23:19:25 2023] ... event mask:             000000000000003f
[Fri Mar 10 23:19:25 2023] rcu: Hierarchical SRCU implementation.
[Fri Mar 10 23:19:25 2023] rcu: 	Max phase no-delay instances is 400.
[Fri Mar 10 23:19:25 2023] NMI watchdog: Enabled. Permanently consumes one hw-PMU counter.
[Fri Mar 10 23:19:25 2023] smp: Bringing up secondary CPUs ...
[Fri Mar 10 23:19:25 2023] x86: Booting SMP configuration:
[Fri Mar 10 23:19:25 2023] .... node  #0, CPUs:        #1  #2  #3  #4  #5  #6  #7  #8  #9 #10 #11 #12 #13 #14 #15
[Fri Mar 10 23:19:25 2023] smp: Brought up 1 node, 8 CPUs
[Fri Mar 10 23:19:25 2023] smpboot: Max logical packages: 4
[Fri Mar 10 23:19:25 2023] smpboot: Total of 8 processors activated (54403.12 BogoMIPS)
[Fri Mar 10 23:19:25 2023] devtmpfs: initialized
[Fri Mar 10 23:19:25 2023] x86/mm: Memory block size: 128MB
[Fri Mar 10 23:19:25 2023] ACPI: PM: Registering ACPI NVS region [mem 0x0a200000-0x0a20afff] (45056 bytes)
[Fri Mar 10 23:19:25 2023] ACPI: PM: Registering ACPI NVS region [mem 0xbc5dc000-0xbcc9bfff] (7077888 bytes)
[Fri Mar 10 23:19:25 2023] clocksource: jiffies: mask: 0xffffffff max_cycles: 0xffffffff, max_idle_ns: 1911260446275000 ns
[Fri Mar 10 23:19:25 2023] futex hash table entries: 8192 (order: 7, 524288 bytes, linear)
[Fri Mar 10 23:19:25 2023] pinctrl core: initialized pinctrl subsystem
[Fri Mar 10 23:19:25 2023] pinctrl core: failed to create debugfs directory
[Fri Mar 10 23:19:25 2023] PM: RTC time: 05:19:26, date: 2023-03-11
[Fri Mar 10 23:19:25 2023] NET: Registered PF_NETLINK/PF_ROUTE protocol family
[Fri Mar 10 23:19:25 2023] DMA: preallocated 2048 KiB GFP_KERNEL pool for atomic allocations
[Fri Mar 10 23:19:25 2023] DMA: preallocated 2048 KiB GFP_KERNEL|GFP_DMA pool for atomic allocations
[Fri Mar 10 23:19:25 2023] DMA: preallocated 2048 KiB GFP_KERNEL|GFP_DMA32 pool for atomic allocations
[Fri Mar 10 23:19:25 2023] audit: initializing netlink subsys (disabled)
[Fri Mar 10 23:19:25 2023] audit: type=2000 audit(1678511966.176:1): state=initialized audit_enabled=0 res=1
[Fri Mar 10 23:19:25 2023] thermal_sys: Registered thermal governor 'fair_share'
[Fri Mar 10 23:19:25 2023] thermal_sys: Registered thermal governor 'bang_bang'
[Fri Mar 10 23:19:25 2023] thermal_sys: Registered thermal governor 'step_wise'
[Fri Mar 10 23:19:25 2023] thermal_sys: Registered thermal governor 'user_space'
[Fri Mar 10 23:19:25 2023] thermal_sys: Registered thermal governor 'power_allocator'
[Fri Mar 10 23:19:25 2023] cpuidle: using governor ladder
[Fri Mar 10 23:19:25 2023] cpuidle: using governor menu
[Fri Mar 10 23:19:25 2023] acpiphp: ACPI Hot Plug PCI Controller Driver version: 0.5
[Fri Mar 10 23:19:25 2023] PCI: MMCONFIG for domain 0000 [bus 00-7f] at [mem 0xf0000000-0xf7ffffff] (base 0xf0000000)
[Fri Mar 10 23:19:25 2023] PCI: not using MMCONFIG
[Fri Mar 10 23:19:25 2023] PCI: Using configuration type 1 for base access
[Fri Mar 10 23:19:25 2023] PCI: Using configuration type 1 for extended access
[Fri Mar 10 23:19:25 2023] kprobes: kprobe jump-optimization is enabled. All kprobes are optimized if possible.
[Fri Mar 10 23:19:25 2023] HugeTLB: registered 1.00 GiB page size, pre-allocated 0 pages
[Fri Mar 10 23:19:25 2023] HugeTLB: 16380 KiB vmemmap can be freed for a 1.00 GiB page
[Fri Mar 10 23:19:25 2023] HugeTLB: registered 2.00 MiB page size, pre-allocated 0 pages
[Fri Mar 10 23:19:25 2023] HugeTLB: 28 KiB vmemmap can be freed for a 2.00 MiB page
[Fri Mar 10 23:19:25 2023] fbcon: Taking over console
[Fri Mar 10 23:19:25 2023] ACPI: Added _OSI(Module Device)
[Fri Mar 10 23:19:25 2023] ACPI: Added _OSI(Processor Device)
[Fri Mar 10 23:19:25 2023] ACPI: Added _OSI(3.0 _SCP Extensions)
[Fri Mar 10 23:19:25 2023] ACPI: Added _OSI(Processor Aggregator Device)
[Fri Mar 10 23:19:25 2023] ACPI: 10 ACPI AML tables successfully acquired and loaded
[Fri Mar 10 23:19:25 2023] ACPI: [Firmware Bug]: BIOS _OSI(Linux) query ignored
[Fri Mar 10 23:19:25 2023] ACPI: Interpreter enabled
[Fri Mar 10 23:19:25 2023] ACPI: PM: (supports S0 S3 S4 S5)
[Fri Mar 10 23:19:25 2023] ACPI: Using IOAPIC for interrupt routing
[Fri Mar 10 23:19:25 2023] PCI: MMCONFIG for domain 0000 [bus 00-7f] at [mem 0xf0000000-0xf7ffffff] (base 0xf0000000)
[Fri Mar 10 23:19:25 2023] PCI: MMCONFIG at [mem 0xf0000000-0xf7ffffff] reserved as ACPI motherboard resource
[Fri Mar 10 23:19:25 2023] PCI: Using host bridge windows from ACPI; if necessary, use "pci=nocrs" and report a bug
[Fri Mar 10 23:19:25 2023] PCI: Using E820 reservations for host bridge windows
[Fri Mar 10 23:19:25 2023] ACPI: Enabled 4 GPEs in block 00 to 1F
[Fri Mar 10 23:19:25 2023] ACPI: PCI Root Bridge [PCI0] (domain 0000 [bus 00-ff])
[Fri Mar 10 23:19:25 2023] acpi PNP0A08:00: _OSC: OS supports [ExtendedConfig ASPM ClockPM Segments MSI EDR HPX-Type3]
[Fri Mar 10 23:19:25 2023] acpi PNP0A08:00: _OSC: platform does not support [SHPCHotplug LTR DPC]
[Fri Mar 10 23:19:25 2023] acpi PNP0A08:00: _OSC: OS now controls [PCIeHotplug PME AER PCIeCapability]
[Fri Mar 10 23:19:25 2023] acpi PNP0A08:00: [Firmware Info]: MMCONFIG for domain 0000 [bus 00-7f] only partially covers this bridge
[Fri Mar 10 23:19:25 2023] PCI host bridge to bus 0000:00
[Fri Mar 10 23:19:25 2023] pci_bus 0000:00: root bus resource [io  0x0000-0x03af window]
[Fri Mar 10 23:19:25 2023] pci_bus 0000:00: root bus resource [io  0x03e0-0x0cf7 window]
[Fri Mar 10 23:19:25 2023] pci_bus 0000:00: root bus resource [io  0x03b0-0x03df window]
[Fri Mar 10 23:19:25 2023] pci_bus 0000:00: root bus resource [io  0x0d00-0xffff window]
[Fri Mar 10 23:19:25 2023] pci_bus 0000:00: root bus resource [mem 0x000a0000-0x000dffff window]
[Fri Mar 10 23:19:25 2023] pci_bus 0000:00: root bus resource [mem 0xc0000000-0xfec2ffff window]
[Fri Mar 10 23:19:25 2023] pci_bus 0000:00: root bus resource [mem 0xfee00000-0xffffffff window]
[Fri Mar 10 23:19:25 2023] pci_bus 0000:00: root bus resource [bus 00-ff]
[Fri Mar 10 23:19:25 2023] pci 0000:00:00.0: [1022:1450] type 00 class 0x060000
[Fri Mar 10 23:19:25 2023] pci 0000:00:00.2: [1022:1451] type 00 class 0x080600
[Fri Mar 10 23:19:25 2023] pci 0000:00:01.0: [1022:1452] type 00 class 0x060000
[Fri Mar 10 23:19:25 2023] pci 0000:00:01.1: [1022:1453] type 01 class 0x060400
[Fri Mar 10 23:19:25 2023] pci 0000:00:01.1: enabling Extended Tags
[Fri Mar 10 23:19:25 2023] pci 0000:00:01.1: PME# supported from D0 D3hot D3cold
[Fri Mar 10 23:19:25 2023] pci 0000:00:01.3: [1022:1453] type 01 class 0x060400
[Fri Mar 10 23:19:25 2023] pci 0000:00:01.3: enabling Extended Tags
[Fri Mar 10 23:19:25 2023] pci 0000:00:01.3: PME# supported from D0 D3hot D3cold
[Fri Mar 10 23:19:25 2023] pci 0000:00:02.0: [1022:1452] type 00 class 0x060000
[Fri Mar 10 23:19:25 2023] pci 0000:00:03.0: [1022:1452] type 00 class 0x060000
[Fri Mar 10 23:19:25 2023] pci 0000:00:03.2: [1022:1453] type 01 class 0x060400
[Fri Mar 10 23:19:25 2023] pci 0000:00:03.2: PME# supported from D0 D3hot D3cold
[Fri Mar 10 23:19:25 2023] pci 0000:00:04.0: [1022:1452] type 00 class 0x060000
[Fri Mar 10 23:19:25 2023] pci 0000:00:07.0: [1022:1452] type 00 class 0x060000
[Fri Mar 10 23:19:25 2023] pci 0000:00:07.1: [1022:1454] type 01 class 0x060400
[Fri Mar 10 23:19:25 2023] pci 0000:00:07.1: enabling Extended Tags
[Fri Mar 10 23:19:25 2023] pci 0000:00:07.1: PME# supported from D0 D3hot D3cold
[Fri Mar 10 23:19:25 2023] pci 0000:00:08.0: [1022:1452] type 00 class 0x060000
[Fri Mar 10 23:19:25 2023] pci 0000:00:08.1: [1022:1454] type 01 class 0x060400
[Fri Mar 10 23:19:25 2023] pci 0000:00:08.1: enabling Extended Tags
[Fri Mar 10 23:19:25 2023] pci 0000:00:08.1: PME# supported from D0 D3hot D3cold
[Fri Mar 10 23:19:25 2023] pci 0000:00:14.0: [1022:790b] type 00 class 0x0c0500
[Fri Mar 10 23:19:25 2023] pci 0000:00:14.3: [1022:790e] type 00 class 0x060100
[Fri Mar 10 23:19:25 2023] pci 0000:00:18.0: [1022:1460] type 00 class 0x060000
[Fri Mar 10 23:19:25 2023] pci 0000:00:18.1: [1022:1461] type 00 class 0x060000
[Fri Mar 10 23:19:25 2023] pci 0000:00:18.2: [1022:1462] type 00 class 0x060000
[Fri Mar 10 23:19:25 2023] pci 0000:00:18.3: [1022:1463] type 00 class 0x060000
[Fri Mar 10 23:19:25 2023] pci 0000:00:18.4: [1022:1464] type 00 class 0x060000
[Fri Mar 10 23:19:25 2023] pci 0000:00:18.5: [1022:1465] type 00 class 0x060000
[Fri Mar 10 23:19:25 2023] pci 0000:00:18.6: [1022:1466] type 00 class 0x060000
[Fri Mar 10 23:19:25 2023] pci 0000:00:18.7: [1022:1467] type 00 class 0x060000
[Fri Mar 10 23:19:25 2023] pci 0000:01:00.0: [144d:a804] type 00 class 0x010802
[Fri Mar 10 23:19:25 2023] pci 0000:01:00.0: reg 0x10: [mem 0xfcf00000-0xfcf03fff 64bit]
[Fri Mar 10 23:19:25 2023] pci 0000:00:01.1: PCI bridge to [bus 01]
[Fri Mar 10 23:19:25 2023] pci 0000:00:01.1:   bridge window [mem 0xfcf00000-0xfcffffff]
[Fri Mar 10 23:19:25 2023] pci 0000:02:00.0: [1022:43b9] type 00 class 0x0c0330
[Fri Mar 10 23:19:25 2023] pci 0000:02:00.0: reg 0x10: [mem 0xfcba0000-0xfcba7fff 64bit]
[Fri Mar 10 23:19:25 2023] pci 0000:02:00.0: enabling Extended Tags
[Fri Mar 10 23:19:25 2023] pci 0000:02:00.0: PME# supported from D3hot D3cold
[Fri Mar 10 23:19:25 2023] pci 0000:02:00.1: [1022:43b5] type 00 class 0x010601
[Fri Mar 10 23:19:25 2023] pci 0000:02:00.1: reg 0x24: [mem 0xfcb80000-0xfcb9ffff]
[Fri Mar 10 23:19:25 2023] pci 0000:02:00.1: reg 0x30: [mem 0xfcb00000-0xfcb7ffff pref]
[Fri Mar 10 23:19:25 2023] pci 0000:02:00.1: enabling Extended Tags
[Fri Mar 10 23:19:25 2023] pci 0000:02:00.1: PME# supported from D3hot D3cold
[Fri Mar 10 23:19:25 2023] pci 0000:02:00.2: [1022:43b0] type 01 class 0x060400
[Fri Mar 10 23:19:25 2023] pci 0000:02:00.2: enabling Extended Tags
[Fri Mar 10 23:19:25 2023] pci 0000:02:00.2: PME# supported from D3hot D3cold
[Fri Mar 10 23:19:25 2023] pci 0000:00:01.3: PCI bridge to [bus 02-07]
[Fri Mar 10 23:19:25 2023] pci 0000:00:01.3:   bridge window [io  0xf000-0xffff]
[Fri Mar 10 23:19:25 2023] pci 0000:00:01.3:   bridge window [mem 0xfc900000-0xfcbfffff]
[Fri Mar 10 23:19:25 2023] pci 0000:03:00.0: [1022:43b4] type 01 class 0x060400
[Fri Mar 10 23:19:25 2023] pci 0000:03:00.0: enabling Extended Tags
[Fri Mar 10 23:19:25 2023] pci 0000:03:00.0: PME# supported from D3hot D3cold
[Fri Mar 10 23:19:25 2023] pci 0000:03:02.0: [1022:43b4] type 01 class 0x060400
[Fri Mar 10 23:19:25 2023] pci 0000:03:02.0: enabling Extended Tags
[Fri Mar 10 23:19:25 2023] pci 0000:03:02.0: PME# supported from D3hot D3cold
[Fri Mar 10 23:19:25 2023] pci 0000:03:03.0: [1022:43b4] type 01 class 0x060400
[Fri Mar 10 23:19:25 2023] pci 0000:03:03.0: enabling Extended Tags
[Fri Mar 10 23:19:25 2023] pci 0000:03:03.0: PME# supported from D3hot D3cold
[Fri Mar 10 23:19:25 2023] pci 0000:03:04.0: [1022:43b4] type 01 class 0x060400
[Fri Mar 10 23:19:25 2023] pci 0000:03:04.0: enabling Extended Tags
[Fri Mar 10 23:19:25 2023] pci 0000:03:04.0: PME# supported from D3hot D3cold
[Fri Mar 10 23:19:25 2023] pci 0000:02:00.2: PCI bridge to [bus 03-07]
[Fri Mar 10 23:19:25 2023] pci 0000:02:00.2:   bridge window [io  0xf000-0xffff]
[Fri Mar 10 23:19:25 2023] pci 0000:02:00.2:   bridge window [mem 0xfc900000-0xfcafffff]
[Fri Mar 10 23:19:25 2023] pci 0000:04:00.0: [1b21:1343] type 00 class 0x0c0330
[Fri Mar 10 23:19:25 2023] pci 0000:04:00.0: reg 0x10: [mem 0xfca00000-0xfca07fff 64bit]
[Fri Mar 10 23:19:25 2023] pci 0000:04:00.0: enabling Extended Tags
[Fri Mar 10 23:19:25 2023] pci 0000:04:00.0: PME# supported from D3hot D3cold
[Fri Mar 10 23:19:25 2023] pci 0000:03:00.0: PCI bridge to [bus 04]
[Fri Mar 10 23:19:25 2023] pci 0000:03:00.0:   bridge window [mem 0xfca00000-0xfcafffff]
[Fri Mar 10 23:19:25 2023] pci 0000:05:00.0: [8086:1539] type 00 class 0x020000
[Fri Mar 10 23:19:25 2023] pci 0000:05:00.0: reg 0x10: [mem 0xfc900000-0xfc91ffff]
[Fri Mar 10 23:19:25 2023] pci 0000:05:00.0: reg 0x18: [io  0xf000-0xf01f]
[Fri Mar 10 23:19:25 2023] pci 0000:05:00.0: reg 0x1c: [mem 0xfc920000-0xfc923fff]
[Fri Mar 10 23:19:25 2023] pci 0000:05:00.0: PME# supported from D0 D3hot D3cold
[Fri Mar 10 23:19:25 2023] pci 0000:03:02.0: PCI bridge to [bus 05]
[Fri Mar 10 23:19:25 2023] pci 0000:03:02.0:   bridge window [io  0xf000-0xffff]
[Fri Mar 10 23:19:25 2023] pci 0000:03:02.0:   bridge window [mem 0xfc900000-0xfc9fffff]
[Fri Mar 10 23:19:25 2023] pci 0000:03:03.0: PCI bridge to [bus 06]
[Fri Mar 10 23:19:25 2023] pci 0000:03:04.0: PCI bridge to [bus 07]
[Fri Mar 10 23:19:25 2023] pci 0000:08:00.0: [1022:1470] type 01 class 0x060400
[Fri Mar 10 23:19:25 2023] pci 0000:08:00.0: reg 0x10: [mem 0xfcd00000-0xfcd03fff]
[Fri Mar 10 23:19:25 2023] pci 0000:08:00.0: PME# supported from D0 D3hot D3cold
[Fri Mar 10 23:19:25 2023] pci 0000:08:00.0: 63.008 Gb/s available PCIe bandwidth, limited by 8.0 GT/s PCIe x8 link at 0000:00:03.2 (capable of 126.016 Gb/s with 8.0 GT/s PCIe x16 link)
[Fri Mar 10 23:19:25 2023] pci 0000:00:03.2: PCI bridge to [bus 08-0a]
[Fri Mar 10 23:19:25 2023] pci 0000:00:03.2:   bridge window [io  0xe000-0xefff]
[Fri Mar 10 23:19:25 2023] pci 0000:00:03.2:   bridge window [mem 0xfcc00000-0xfcdfffff]
[Fri Mar 10 23:19:25 2023] pci 0000:00:03.2:   bridge window [mem 0xd0000000-0xe01fffff 64bit pref]
[Fri Mar 10 23:19:25 2023] pci 0000:09:00.0: [1022:1471] type 01 class 0x060400
[Fri Mar 10 23:19:25 2023] pci 0000:09:00.0: PME# supported from D0 D3hot D3cold
[Fri Mar 10 23:19:25 2023] pci 0000:08:00.0: PCI bridge to [bus 09-0a]
[Fri Mar 10 23:19:25 2023] pci 0000:08:00.0:   bridge window [io  0xe000-0xefff]
[Fri Mar 10 23:19:25 2023] pci 0000:08:00.0:   bridge window [mem 0xfcc00000-0xfccfffff]
[Fri Mar 10 23:19:25 2023] pci 0000:08:00.0:   bridge window [mem 0xd0000000-0xe01fffff 64bit pref]
[Fri Mar 10 23:19:25 2023] pci 0000:0a:00.0: [1002:687f] type 00 class 0x030000
[Fri Mar 10 23:19:25 2023] pci 0000:0a:00.0: reg 0x10: [mem 0xd0000000-0xdfffffff 64bit pref]
[Fri Mar 10 23:19:25 2023] pci 0000:0a:00.0: reg 0x18: [mem 0xe0000000-0xe01fffff 64bit pref]
[Fri Mar 10 23:19:25 2023] pci 0000:0a:00.0: reg 0x20: [io  0xe000-0xe0ff]
[Fri Mar 10 23:19:25 2023] pci 0000:0a:00.0: reg 0x24: [mem 0xfcc00000-0xfcc7ffff]
[Fri Mar 10 23:19:25 2023] pci 0000:0a:00.0: reg 0x30: [mem 0xfcc80000-0xfcc9ffff pref]
[Fri Mar 10 23:19:25 2023] pci 0000:0a:00.0: BAR 0: assigned to efifb
[Fri Mar 10 23:19:25 2023] pci 0000:0a:00.0: Video device with shadowed ROM at [mem 0x000c0000-0x000dffff]
[Fri Mar 10 23:19:25 2023] pci 0000:0a:00.0: PME# supported from D1 D2 D3hot D3cold
[Fri Mar 10 23:19:25 2023] pci 0000:0a:00.0: 63.008 Gb/s available PCIe bandwidth, limited by 8.0 GT/s PCIe x8 link at 0000:00:03.2 (capable of 126.016 Gb/s with 8.0 GT/s PCIe x16 link)
[Fri Mar 10 23:19:25 2023] pci 0000:0a:00.1: [1002:aaf8] type 00 class 0x040300
[Fri Mar 10 23:19:25 2023] pci 0000:0a:00.1: reg 0x10: [mem 0xfcca0000-0xfcca3fff]
[Fri Mar 10 23:19:25 2023] pci 0000:0a:00.1: PME# supported from D1 D2 D3hot D3cold
[Fri Mar 10 23:19:25 2023] pci 0000:09:00.0: PCI bridge to [bus 0a]
[Fri Mar 10 23:19:25 2023] pci 0000:09:00.0:   bridge window [io  0xe000-0xefff]
[Fri Mar 10 23:19:25 2023] pci 0000:09:00.0:   bridge window [mem 0xfcc00000-0xfccfffff]
[Fri Mar 10 23:19:25 2023] pci 0000:09:00.0:   bridge window [mem 0xd0000000-0xe01fffff 64bit pref]
[Fri Mar 10 23:19:25 2023] pci 0000:0b:00.0: [1022:145a] type 00 class 0x130000
[Fri Mar 10 23:19:25 2023] pci 0000:0b:00.0: enabling Extended Tags
[Fri Mar 10 23:19:25 2023] pci 0000:0b:00.2: [1022:1456] type 00 class 0x108000
[Fri Mar 10 23:19:25 2023] pci 0000:0b:00.2: reg 0x18: [mem 0xfc700000-0xfc7fffff]
[Fri Mar 10 23:19:25 2023] pci 0000:0b:00.2: reg 0x24: [mem 0xfc800000-0xfc801fff]
[Fri Mar 10 23:19:25 2023] pci 0000:0b:00.2: enabling Extended Tags
[Fri Mar 10 23:19:25 2023] pci 0000:0b:00.3: [1022:145c] type 00 class 0x0c0330
[Fri Mar 10 23:19:25 2023] pci 0000:0b:00.3: reg 0x10: [mem 0xfc600000-0xfc6fffff 64bit]
[Fri Mar 10 23:19:25 2023] pci 0000:0b:00.3: enabling Extended Tags
[Fri Mar 10 23:19:25 2023] pci 0000:0b:00.3: PME# supported from D0 D3hot D3cold
[Fri Mar 10 23:19:25 2023] pci 0000:00:07.1: PCI bridge to [bus 0b]
[Fri Mar 10 23:19:25 2023] pci 0000:00:07.1:   bridge window [mem 0xfc600000-0xfc8fffff]
[Fri Mar 10 23:19:25 2023] pci 0000:0c:00.0: [1022:1455] type 00 class 0x130000
[Fri Mar 10 23:19:25 2023] pci 0000:0c:00.0: enabling Extended Tags
[Fri Mar 10 23:19:25 2023] pci 0000:0c:00.2: [1022:7901] type 00 class 0x010601
[Fri Mar 10 23:19:25 2023] pci 0000:0c:00.2: reg 0x24: [mem 0xfce08000-0xfce08fff]
[Fri Mar 10 23:19:25 2023] pci 0000:0c:00.2: enabling Extended Tags
[Fri Mar 10 23:19:25 2023] pci 0000:0c:00.2: PME# supported from D3hot D3cold
[Fri Mar 10 23:19:25 2023] pci 0000:0c:00.3: [1022:1457] type 00 class 0x040300
[Fri Mar 10 23:19:25 2023] pci 0000:0c:00.3: reg 0x10: [mem 0xfce00000-0xfce07fff]
[Fri Mar 10 23:19:25 2023] pci 0000:0c:00.3: enabling Extended Tags
[Fri Mar 10 23:19:25 2023] pci 0000:0c:00.3: PME# supported from D0 D3hot D3cold
[Fri Mar 10 23:19:25 2023] pci 0000:00:08.1: PCI bridge to [bus 0c]
[Fri Mar 10 23:19:25 2023] pci 0000:00:08.1:   bridge window [mem 0xfce00000-0xfcefffff]
[Fri Mar 10 23:19:25 2023] ACPI: PCI: Interrupt link LNKA configured for IRQ 0
[Fri Mar 10 23:19:25 2023] ACPI: PCI: Interrupt link LNKB configured for IRQ 0
[Fri Mar 10 23:19:25 2023] ACPI: PCI: Interrupt link LNKC configured for IRQ 0
[Fri Mar 10 23:19:25 2023] ACPI: PCI: Interrupt link LNKD configured for IRQ 0
[Fri Mar 10 23:19:25 2023] ACPI: PCI: Interrupt link LNKE configured for IRQ 0
[Fri Mar 10 23:19:25 2023] ACPI: PCI: Interrupt link LNKF configured for IRQ 0
[Fri Mar 10 23:19:25 2023] ACPI: PCI: Interrupt link LNKG configured for IRQ 0
[Fri Mar 10 23:19:25 2023] ACPI: PCI: Interrupt link LNKH configured for IRQ 0
[Fri Mar 10 23:19:25 2023] iommu: Default domain type: Translated
[Fri Mar 10 23:19:25 2023] iommu: DMA domain TLB invalidation policy: lazy mode
[Fri Mar 10 23:19:25 2023] SCSI subsystem initialized
[Fri Mar 10 23:19:25 2023] libata version 3.00 loaded.
[Fri Mar 10 23:19:25 2023] ACPI: bus type USB registered
[Fri Mar 10 23:19:25 2023] usbcore: registered new interface driver usbfs
[Fri Mar 10 23:19:25 2023] usbcore: registered new interface driver hub
[Fri Mar 10 23:19:25 2023] usbcore: registered new device driver usb
[Fri Mar 10 23:19:25 2023] pps_core: LinuxPPS API ver. 1 registered
[Fri Mar 10 23:19:25 2023] pps_core: Software ver. 5.3.6 - Copyright 2005-2007 Rodolfo Giometti <giometti@linux.it>
[Fri Mar 10 23:19:25 2023] PTP clock support registered
[Fri Mar 10 23:19:25 2023] EDAC MC: Ver: 3.0.0
[Fri Mar 10 23:19:25 2023] Registered efivars operations
[Fri Mar 10 23:19:25 2023] NetLabel: Initializing
[Fri Mar 10 23:19:25 2023] NetLabel:  domain hash size = 128
[Fri Mar 10 23:19:25 2023] NetLabel:  protocols = UNLABELED CIPSOv4 CALIPSO
[Fri Mar 10 23:19:25 2023] NetLabel:  unlabeled traffic allowed by default
[Fri Mar 10 23:19:25 2023] mctp: management component transport protocol core
[Fri Mar 10 23:19:25 2023] NET: Registered PF_MCTP protocol family
[Fri Mar 10 23:19:25 2023] PCI: Using ACPI for IRQ routing
[Fri Mar 10 23:19:25 2023] PCI: pci_cache_line_size set to 64 bytes
[Fri Mar 10 23:19:25 2023] e820: reserve RAM buffer [mem 0x09c3f000-0x0bffffff]
[Fri Mar 10 23:19:25 2023] e820: reserve RAM buffer [mem 0x0a200000-0x0bffffff]
[Fri Mar 10 23:19:25 2023] e820: reserve RAM buffer [mem 0x0b000000-0x0bffffff]
[Fri Mar 10 23:19:25 2023] e820: reserve RAM buffer [mem 0xb3382018-0xb3ffffff]
[Fri Mar 10 23:19:25 2023] e820: reserve RAM buffer [mem 0xb5895018-0xb7ffffff]
[Fri Mar 10 23:19:25 2023] e820: reserve RAM buffer [mem 0xb69b9000-0xb7ffffff]
[Fri Mar 10 23:19:25 2023] e820: reserve RAM buffer [mem 0xb961b000-0xbbffffff]
[Fri Mar 10 23:19:25 2023] e820: reserve RAM buffer [mem 0xbae39000-0xbbffffff]
[Fri Mar 10 23:19:25 2023] e820: reserve RAM buffer [mem 0xbf000000-0xbfffffff]
[Fri Mar 10 23:19:25 2023] e820: reserve RAM buffer [mem 0x43f380000-0x43fffffff]
[Fri Mar 10 23:19:25 2023] pci 0000:0a:00.0: vgaarb: setting as boot VGA device
[Fri Mar 10 23:19:25 2023] pci 0000:0a:00.0: vgaarb: bridge control possible
[Fri Mar 10 23:19:25 2023] pci 0000:0a:00.0: vgaarb: VGA device added: decodes=io+mem,owns=io+mem,locks=none
[Fri Mar 10 23:19:25 2023] vgaarb: loaded
[Fri Mar 10 23:19:25 2023] hpet0: at MMIO 0xfed00000, IRQs 2, 8, 0
[Fri Mar 10 23:19:25 2023] hpet0: 3 comparators, 32-bit 14.318180 MHz counter
[Fri Mar 10 23:19:25 2023] clocksource: Switched to clocksource tsc-early
[Fri Mar 10 23:19:25 2023] VFS: Disk quotas dquot_6.6.0
[Fri Mar 10 23:19:25 2023] VFS: Dquot-cache hash table entries: 512 (order 0, 4096 bytes)
[Fri Mar 10 23:19:25 2023] pnp: PnP ACPI init
[Fri Mar 10 23:19:25 2023] system 00:00: [mem 0xf0000000-0xf7ffffff] has been reserved
[Fri Mar 10 23:19:25 2023] system 00:02: [io  0x0a00-0x0a2f] has been reserved
[Fri Mar 10 23:19:25 2023] system 00:02: [io  0x0a30-0x0a3f] has been reserved
[Fri Mar 10 23:19:25 2023] system 00:02: [io  0x0a40-0x0a4f] has been reserved
[Fri Mar 10 23:19:25 2023] pnp 00:03: [dma 0 disabled]
[Fri Mar 10 23:19:25 2023] system 00:04: [io  0x04d0-0x04d1] has been reserved
[Fri Mar 10 23:19:25 2023] system 00:04: [io  0x040b] has been reserved
[Fri Mar 10 23:19:25 2023] system 00:04: [io  0x04d6] has been reserved
[Fri Mar 10 23:19:25 2023] system 00:04: [io  0x0c00-0x0c01] has been reserved
[Fri Mar 10 23:19:25 2023] system 00:04: [io  0x0c14] has been reserved
[Fri Mar 10 23:19:25 2023] system 00:04: [io  0x0c50-0x0c51] has been reserved
[Fri Mar 10 23:19:25 2023] system 00:04: [io  0x0c52] has been reserved
[Fri Mar 10 23:19:25 2023] system 00:04: [io  0x0c6c] has been reserved
[Fri Mar 10 23:19:25 2023] system 00:04: [io  0x0c6f] has been reserved
[Fri Mar 10 23:19:25 2023] system 00:04: [io  0x0cd8-0x0cdf] has been reserved
[Fri Mar 10 23:19:25 2023] system 00:04: [io  0x0800-0x089f] has been reserved
[Fri Mar 10 23:19:25 2023] system 00:04: [io  0x0b00-0x0b0f] has been reserved
[Fri Mar 10 23:19:25 2023] system 00:04: [io  0x0b20-0x0b3f] has been reserved
[Fri Mar 10 23:19:25 2023] system 00:04: [io  0x0900-0x090f] has been reserved
[Fri Mar 10 23:19:25 2023] system 00:04: [io  0x0910-0x091f] has been reserved
[Fri Mar 10 23:19:25 2023] system 00:04: [mem 0xfec00000-0xfec00fff] could not be reserved
[Fri Mar 10 23:19:25 2023] system 00:04: [mem 0xfec01000-0xfec01fff] could not be reserved
[Fri Mar 10 23:19:25 2023] system 00:04: [mem 0xfedc0000-0xfedc0fff] has been reserved
[Fri Mar 10 23:19:25 2023] system 00:04: [mem 0xfee00000-0xfee00fff] has been reserved
[Fri Mar 10 23:19:25 2023] system 00:04: [mem 0xfed80000-0xfed8ffff] could not be reserved
[Fri Mar 10 23:19:25 2023] system 00:04: [mem 0xfec10000-0xfec10fff] has been reserved
[Fri Mar 10 23:19:25 2023] system 00:04: [mem 0xff000000-0xffffffff] has been reserved
[Fri Mar 10 23:19:25 2023] pnp: PnP ACPI: found 5 devices
[Fri Mar 10 23:19:25 2023] clocksource: acpi_pm: mask: 0xffffff max_cycles: 0xffffff, max_idle_ns: 2085701024 ns
[Fri Mar 10 23:19:25 2023] NET: Registered PF_INET protocol family
[Fri Mar 10 23:19:25 2023] IP idents hash table entries: 262144 (order: 9, 2097152 bytes, linear)
[Fri Mar 10 23:19:25 2023] tcp_listen_portaddr_hash hash table entries: 8192 (order: 5, 131072 bytes, linear)
[Fri Mar 10 23:19:25 2023] Table-perturb hash table entries: 65536 (order: 6, 262144 bytes, linear)
[Fri Mar 10 23:19:25 2023] TCP established hash table entries: 131072 (order: 8, 1048576 bytes, linear)
[Fri Mar 10 23:19:25 2023] TCP bind hash table entries: 65536 (order: 9, 2097152 bytes, linear)
[Fri Mar 10 23:19:25 2023] TCP: Hash tables configured (established 131072 bind 65536)
[Fri Mar 10 23:19:25 2023] MPTCP token hash table entries: 16384 (order: 6, 393216 bytes, linear)
[Fri Mar 10 23:19:25 2023] UDP hash table entries: 8192 (order: 6, 262144 bytes, linear)
[Fri Mar 10 23:19:25 2023] UDP-Lite hash table entries: 8192 (order: 6, 262144 bytes, linear)
[Fri Mar 10 23:19:25 2023] NET: Registered PF_UNIX/PF_LOCAL protocol family
[Fri Mar 10 23:19:25 2023] NET: Registered PF_XDP protocol family
[Fri Mar 10 23:19:25 2023] pci 0000:00:01.1: PCI bridge to [bus 01]
[Fri Mar 10 23:19:25 2023] pci 0000:00:01.1:   bridge window [mem 0xfcf00000-0xfcffffff]
[Fri Mar 10 23:19:25 2023] pci 0000:03:00.0: PCI bridge to [bus 04]
[Fri Mar 10 23:19:25 2023] pci 0000:03:00.0:   bridge window [mem 0xfca00000-0xfcafffff]
[Fri Mar 10 23:19:25 2023] pci 0000:03:02.0: PCI bridge to [bus 05]
[Fri Mar 10 23:19:25 2023] pci 0000:03:02.0:   bridge window [io  0xf000-0xffff]
[Fri Mar 10 23:19:25 2023] pci 0000:03:02.0:   bridge window [mem 0xfc900000-0xfc9fffff]
[Fri Mar 10 23:19:25 2023] pci 0000:03:03.0: PCI bridge to [bus 06]
[Fri Mar 10 23:19:25 2023] pci 0000:03:04.0: PCI bridge to [bus 07]
[Fri Mar 10 23:19:25 2023] pci 0000:02:00.2: PCI bridge to [bus 03-07]
[Fri Mar 10 23:19:25 2023] pci 0000:02:00.2:   bridge window [io  0xf000-0xffff]
[Fri Mar 10 23:19:25 2023] pci 0000:02:00.2:   bridge window [mem 0xfc900000-0xfcafffff]
[Fri Mar 10 23:19:25 2023] pci 0000:00:01.3: PCI bridge to [bus 02-07]
[Fri Mar 10 23:19:25 2023] pci 0000:00:01.3:   bridge window [io  0xf000-0xffff]
[Fri Mar 10 23:19:25 2023] pci 0000:00:01.3:   bridge window [mem 0xfc900000-0xfcbfffff]
[Fri Mar 10 23:19:25 2023] pci 0000:09:00.0: PCI bridge to [bus 0a]
[Fri Mar 10 23:19:25 2023] pci 0000:09:00.0:   bridge window [io  0xe000-0xefff]
[Fri Mar 10 23:19:25 2023] pci 0000:09:00.0:   bridge window [mem 0xfcc00000-0xfccfffff]
[Fri Mar 10 23:19:25 2023] pci 0000:09:00.0:   bridge window [mem 0xd0000000-0xe01fffff 64bit pref]
[Fri Mar 10 23:19:25 2023] pci 0000:08:00.0: PCI bridge to [bus 09-0a]
[Fri Mar 10 23:19:25 2023] pci 0000:08:00.0:   bridge window [io  0xe000-0xefff]
[Fri Mar 10 23:19:25 2023] pci 0000:08:00.0:   bridge window [mem 0xfcc00000-0xfccfffff]
[Fri Mar 10 23:19:25 2023] pci 0000:08:00.0:   bridge window [mem 0xd0000000-0xe01fffff 64bit pref]
[Fri Mar 10 23:19:25 2023] pci 0000:00:03.2: PCI bridge to [bus 08-0a]
[Fri Mar 10 23:19:25 2023] pci 0000:00:03.2:   bridge window [io  0xe000-0xefff]
[Fri Mar 10 23:19:25 2023] pci 0000:00:03.2:   bridge window [mem 0xfcc00000-0xfcdfffff]
[Fri Mar 10 23:19:25 2023] pci 0000:00:03.2:   bridge window [mem 0xd0000000-0xe01fffff 64bit pref]
[Fri Mar 10 23:19:25 2023] pci 0000:00:07.1: PCI bridge to [bus 0b]
[Fri Mar 10 23:19:25 2023] pci 0000:00:07.1:   bridge window [mem 0xfc600000-0xfc8fffff]
[Fri Mar 10 23:19:25 2023] pci 0000:00:08.1: PCI bridge to [bus 0c]
[Fri Mar 10 23:19:25 2023] pci 0000:00:08.1:   bridge window [mem 0xfce00000-0xfcefffff]
[Fri Mar 10 23:19:25 2023] pci_bus 0000:00: resource 4 [io  0x0000-0x03af window]
[Fri Mar 10 23:19:25 2023] pci_bus 0000:00: resource 5 [io  0x03e0-0x0cf7 window]
[Fri Mar 10 23:19:25 2023] pci_bus 0000:00: resource 6 [io  0x03b0-0x03df window]
[Fri Mar 10 23:19:25 2023] pci_bus 0000:00: resource 7 [io  0x0d00-0xffff window]
[Fri Mar 10 23:19:25 2023] pci_bus 0000:00: resource 8 [mem 0x000a0000-0x000dffff window]
[Fri Mar 10 23:19:25 2023] pci_bus 0000:00: resource 9 [mem 0xc0000000-0xfec2ffff window]
[Fri Mar 10 23:19:25 2023] pci_bus 0000:00: resource 10 [mem 0xfee00000-0xffffffff window]
[Fri Mar 10 23:19:25 2023] pci_bus 0000:01: resource 1 [mem 0xfcf00000-0xfcffffff]
[Fri Mar 10 23:19:25 2023] pci_bus 0000:02: resource 0 [io  0xf000-0xffff]
[Fri Mar 10 23:19:25 2023] pci_bus 0000:02: resource 1 [mem 0xfc900000-0xfcbfffff]
[Fri Mar 10 23:19:25 2023] pci_bus 0000:03: resource 0 [io  0xf000-0xffff]
[Fri Mar 10 23:19:25 2023] pci_bus 0000:03: resource 1 [mem 0xfc900000-0xfcafffff]
[Fri Mar 10 23:19:25 2023] pci_bus 0000:04: resource 1 [mem 0xfca00000-0xfcafffff]
[Fri Mar 10 23:19:25 2023] pci_bus 0000:05: resource 0 [io  0xf000-0xffff]
[Fri Mar 10 23:19:25 2023] pci_bus 0000:05: resource 1 [mem 0xfc900000-0xfc9fffff]
[Fri Mar 10 23:19:25 2023] pci_bus 0000:08: resource 0 [io  0xe000-0xefff]
[Fri Mar 10 23:19:25 2023] pci_bus 0000:08: resource 1 [mem 0xfcc00000-0xfcdfffff]
[Fri Mar 10 23:19:25 2023] pci_bus 0000:08: resource 2 [mem 0xd0000000-0xe01fffff 64bit pref]
[Fri Mar 10 23:19:25 2023] pci_bus 0000:09: resource 0 [io  0xe000-0xefff]
[Fri Mar 10 23:19:25 2023] pci_bus 0000:09: resource 1 [mem 0xfcc00000-0xfccfffff]
[Fri Mar 10 23:19:25 2023] pci_bus 0000:09: resource 2 [mem 0xd0000000-0xe01fffff 64bit pref]
[Fri Mar 10 23:19:25 2023] pci_bus 0000:0a: resource 0 [io  0xe000-0xefff]
[Fri Mar 10 23:19:25 2023] pci_bus 0000:0a: resource 1 [mem 0xfcc00000-0xfccfffff]
[Fri Mar 10 23:19:25 2023] pci_bus 0000:0a: resource 2 [mem 0xd0000000-0xe01fffff 64bit pref]
[Fri Mar 10 23:19:25 2023] pci_bus 0000:0b: resource 1 [mem 0xfc600000-0xfc8fffff]
[Fri Mar 10 23:19:25 2023] pci_bus 0000:0c: resource 1 [mem 0xfce00000-0xfcefffff]
[Fri Mar 10 23:19:25 2023] pci 0000:0a:00.1: D0 power state depends on 0000:0a:00.0
[Fri Mar 10 23:19:25 2023] PCI: CLS 64 bytes, default 64
[Fri Mar 10 23:19:25 2023] pci 0000:00:00.2: AMD-Vi: IOMMU performance counters supported
[Fri Mar 10 23:19:25 2023] pci 0000:00:01.0: Adding to iommu group 0
[Fri Mar 10 23:19:25 2023] Trying to unpack rootfs image as initramfs...
[Fri Mar 10 23:19:25 2023] pci 0000:00:01.1: Adding to iommu group 1
[Fri Mar 10 23:19:25 2023] pci 0000:00:01.3: Adding to iommu group 2
[Fri Mar 10 23:19:25 2023] pci 0000:00:02.0: Adding to iommu group 3
[Fri Mar 10 23:19:25 2023] pci 0000:00:03.0: Adding to iommu group 4
[Fri Mar 10 23:19:25 2023] pci 0000:00:03.2: Adding to iommu group 5
[Fri Mar 10 23:19:25 2023] pci 0000:00:04.0: Adding to iommu group 6
[Fri Mar 10 23:19:25 2023] pci 0000:00:07.0: Adding to iommu group 7
[Fri Mar 10 23:19:25 2023] pci 0000:00:07.1: Adding to iommu group 8
[Fri Mar 10 23:19:25 2023] pci 0000:00:08.0: Adding to iommu group 9
[Fri Mar 10 23:19:25 2023] pci 0000:00:08.1: Adding to iommu group 10
[Fri Mar 10 23:19:25 2023] pci 0000:00:14.0: Adding to iommu group 11
[Fri Mar 10 23:19:25 2023] pci 0000:00:14.3: Adding to iommu group 11
[Fri Mar 10 23:19:25 2023] pci 0000:00:18.0: Adding to iommu group 12
[Fri Mar 10 23:19:25 2023] pci 0000:00:18.1: Adding to iommu group 12
[Fri Mar 10 23:19:25 2023] pci 0000:00:18.2: Adding to iommu group 12
[Fri Mar 10 23:19:25 2023] pci 0000:00:18.3: Adding to iommu group 12
[Fri Mar 10 23:19:25 2023] pci 0000:00:18.4: Adding to iommu group 12
[Fri Mar 10 23:19:25 2023] pci 0000:00:18.5: Adding to iommu group 12
[Fri Mar 10 23:19:25 2023] pci 0000:00:18.6: Adding to iommu group 12
[Fri Mar 10 23:19:25 2023] pci 0000:00:18.7: Adding to iommu group 12
[Fri Mar 10 23:19:25 2023] pci 0000:01:00.0: Adding to iommu group 13
[Fri Mar 10 23:19:25 2023] pci 0000:02:00.0: Adding to iommu group 14
[Fri Mar 10 23:19:25 2023] pci 0000:02:00.1: Adding to iommu group 14
[Fri Mar 10 23:19:25 2023] pci 0000:02:00.2: Adding to iommu group 14
[Fri Mar 10 23:19:25 2023] pci 0000:03:00.0: Adding to iommu group 14
[Fri Mar 10 23:19:25 2023] pci 0000:03:02.0: Adding to iommu group 14
[Fri Mar 10 23:19:25 2023] pci 0000:03:03.0: Adding to iommu group 14
[Fri Mar 10 23:19:25 2023] pci 0000:03:04.0: Adding to iommu group 14
[Fri Mar 10 23:19:25 2023] pci 0000:04:00.0: Adding to iommu group 14
[Fri Mar 10 23:19:25 2023] pci 0000:05:00.0: Adding to iommu group 14
[Fri Mar 10 23:19:25 2023] pci 0000:08:00.0: Adding to iommu group 15
[Fri Mar 10 23:19:25 2023] pci 0000:09:00.0: Adding to iommu group 16
[Fri Mar 10 23:19:25 2023] pci 0000:0a:00.0: Adding to iommu group 17
[Fri Mar 10 23:19:25 2023] pci 0000:0a:00.1: Adding to iommu group 18
[Fri Mar 10 23:19:25 2023] pci 0000:0b:00.0: Adding to iommu group 19
[Fri Mar 10 23:19:25 2023] pci 0000:0b:00.2: Adding to iommu group 20
[Fri Mar 10 23:19:25 2023] pci 0000:0b:00.3: Adding to iommu group 21
[Fri Mar 10 23:19:25 2023] pci 0000:0c:00.0: Adding to iommu group 22
[Fri Mar 10 23:19:25 2023] pci 0000:0c:00.2: Adding to iommu group 23
[Fri Mar 10 23:19:25 2023] pci 0000:0c:00.3: Adding to iommu group 24
[Fri Mar 10 23:19:25 2023] pci 0000:00:00.2: AMD-Vi: Found IOMMU cap 0x40
[Fri Mar 10 23:19:25 2023] AMD-Vi: Extended features (0xf77ef22294ada, 0x0): PPR NX GT IA GA PC GA_vAPIC
[Fri Mar 10 23:19:25 2023] AMD-Vi: Interrupt remapping enabled
[Fri Mar 10 23:19:25 2023] AMD-Vi: Virtual APIC enabled
[Fri Mar 10 23:19:25 2023] PCI-DMA: Using software bounce buffering for IO (SWIOTLB)
[Fri Mar 10 23:19:25 2023] software IO TLB: mapped [mem 0x00000000af382000-0x00000000b3382000] (64MB)
[Fri Mar 10 23:19:25 2023] perf/amd_iommu: Detected AMD IOMMU #0 (2 banks, 4 counters/bank).
[Fri Mar 10 23:19:25 2023] Initialise system trusted keyrings
[Fri Mar 10 23:19:25 2023] Key type blacklist registered
[Fri Mar 10 23:19:25 2023] workingset: timestamp_bits=41 max_order=22 bucket_order=0
[Fri Mar 10 23:19:25 2023] zbud: loaded
[Fri Mar 10 23:19:25 2023] integrity: Platform Keyring initialized
[Fri Mar 10 23:19:25 2023] integrity: Machine keyring initialized
[Fri Mar 10 23:19:25 2023] Key type asymmetric registered
[Fri Mar 10 23:19:25 2023] Asymmetric key parser 'x509' registered
[Fri Mar 10 23:19:25 2023] Block layer SCSI generic (bsg) driver version 0.4 loaded (major 242)
[Fri Mar 10 23:19:25 2023] io scheduler mq-deadline registered
[Fri Mar 10 23:19:25 2023] io scheduler kyber registered
[Fri Mar 10 23:19:25 2023] io scheduler bfq registered
[Fri Mar 10 23:19:25 2023] pinctrl core: failed to create debugfs directory for AMDI0030:00
[Fri Mar 10 23:19:25 2023] pcieport 0000:00:01.1: PME: Signaling with IRQ 28
[Fri Mar 10 23:19:25 2023] pcieport 0000:00:01.1: AER: enabled with IRQ 28
[Fri Mar 10 23:19:25 2023] pcieport 0000:00:01.3: PME: Signaling with IRQ 29
[Fri Mar 10 23:19:25 2023] pcieport 0000:00:01.3: AER: enabled with IRQ 29
[Fri Mar 10 23:19:25 2023] pcieport 0000:00:03.2: PME: Signaling with IRQ 30
[Fri Mar 10 23:19:25 2023] pcieport 0000:00:03.2: AER: enabled with IRQ 30
[Fri Mar 10 23:19:25 2023] pcieport 0000:00:07.1: PME: Signaling with IRQ 31
[Fri Mar 10 23:19:25 2023] pcieport 0000:00:07.1: AER: enabled with IRQ 31
[Fri Mar 10 23:19:25 2023] pcieport 0000:00:08.1: PME: Signaling with IRQ 32
[Fri Mar 10 23:19:25 2023] pcieport 0000:00:08.1: AER: enabled with IRQ 32
[Fri Mar 10 23:19:25 2023] shpchp: Standard Hot Plug PCI Controller Driver version: 0.4
[Fri Mar 10 23:19:25 2023] input: Power Button as /devices/LNXSYSTM:00/LNXSYBUS:00/PNP0C0C:00/input/input0
[Fri Mar 10 23:19:25 2023] ACPI: button: Power Button [PWRB]
[Fri Mar 10 23:19:25 2023] input: Power Button as /devices/LNXSYSTM:00/LNXPWRBN:00/input/input1
[Fri Mar 10 23:19:25 2023] ACPI: button: Power Button [PWRF]
[Fri Mar 10 23:19:25 2023] [Firmware Bug]: ACPI MWAIT C-state 0x0 not supported by HW (0x0)
[Fri Mar 10 23:19:25 2023] ACPI: \_PR_.C000: Found 2 idle states
[Fri Mar 10 23:19:25 2023] [Firmware Bug]: ACPI MWAIT C-state 0x0 not supported by HW (0x0)
[Fri Mar 10 23:19:25 2023] ACPI: \_PR_.C002: Found 2 idle states
[Fri Mar 10 23:19:25 2023] [Firmware Bug]: ACPI MWAIT C-state 0x0 not supported by HW (0x0)
[Fri Mar 10 23:19:25 2023] ACPI: \_PR_.C004: Found 2 idle states
[Fri Mar 10 23:19:25 2023] [Firmware Bug]: ACPI MWAIT C-state 0x0 not supported by HW (0x0)
[Fri Mar 10 23:19:25 2023] ACPI: \_PR_.C006: Found 2 idle states
[Fri Mar 10 23:19:25 2023] [Firmware Bug]: ACPI MWAIT C-state 0x0 not supported by HW (0x0)
[Fri Mar 10 23:19:25 2023] ACPI: \_PR_.C008: Found 2 idle states
[Fri Mar 10 23:19:25 2023] [Firmware Bug]: ACPI MWAIT C-state 0x0 not supported by HW (0x0)
[Fri Mar 10 23:19:25 2023] ACPI: \_PR_.C00A: Found 2 idle states
[Fri Mar 10 23:19:25 2023] [Firmware Bug]: ACPI MWAIT C-state 0x0 not supported by HW (0x0)
[Fri Mar 10 23:19:25 2023] ACPI: \_PR_.C00C: Found 2 idle states
[Fri Mar 10 23:19:25 2023] [Firmware Bug]: ACPI MWAIT C-state 0x0 not supported by HW (0x0)
[Fri Mar 10 23:19:25 2023] ACPI: \_PR_.C00E: Found 2 idle states
[Fri Mar 10 23:19:25 2023] [Firmware Bug]: ACPI MWAIT C-state 0x0 not supported by HW (0x0)
[Fri Mar 10 23:19:25 2023] ACPI: \_PR_.C001: Found 2 idle states
[Fri Mar 10 23:19:25 2023] [Firmware Bug]: ACPI MWAIT C-state 0x0 not supported by HW (0x0)
[Fri Mar 10 23:19:25 2023] ACPI: \_PR_.C003: Found 2 idle states
[Fri Mar 10 23:19:25 2023] [Firmware Bug]: ACPI MWAIT C-state 0x0 not supported by HW (0x0)
[Fri Mar 10 23:19:25 2023] ACPI: \_PR_.C005: Found 2 idle states
[Fri Mar 10 23:19:25 2023] [Firmware Bug]: ACPI MWAIT C-state 0x0 not supported by HW (0x0)
[Fri Mar 10 23:19:25 2023] ACPI: \_PR_.C007: Found 2 idle states
[Fri Mar 10 23:19:25 2023] [Firmware Bug]: ACPI MWAIT C-state 0x0 not supported by HW (0x0)
[Fri Mar 10 23:19:25 2023] ACPI: \_PR_.C009: Found 2 idle states
[Fri Mar 10 23:19:25 2023] [Firmware Bug]: ACPI MWAIT C-state 0x0 not supported by HW (0x0)
[Fri Mar 10 23:19:25 2023] ACPI: \_PR_.C00B: Found 2 idle states
[Fri Mar 10 23:19:25 2023] [Firmware Bug]: ACPI MWAIT C-state 0x0 not supported by HW (0x0)
[Fri Mar 10 23:19:25 2023] ACPI: \_PR_.C00D: Found 2 idle states
[Fri Mar 10 23:19:25 2023] [Firmware Bug]: ACPI MWAIT C-state 0x0 not supported by HW (0x0)
[Fri Mar 10 23:19:25 2023] ACPI: \_PR_.C00F: Found 2 idle states
[Fri Mar 10 23:19:25 2023] ACPI: \_TZ_.UAD0: Invalid passive threshold
[Fri Mar 10 23:19:25 2023] thermal LNXTHERM:00: registered as thermal_zone0
[Fri Mar 10 23:19:25 2023] ACPI: thermal: Thermal Zone [UAD0] (17 C)
[Fri Mar 10 23:19:25 2023] Serial: 8250/16550 driver, 32 ports, IRQ sharing enabled
[Fri Mar 10 23:19:25 2023] 00:03: ttyS0 at I/O 0x3f8 (irq = 4, base_baud = 115200) is a 16550A
[Fri Mar 10 23:19:25 2023] Non-volatile memory driver v1.3
[Fri Mar 10 23:19:25 2023] Linux agpgart interface v0.103
[Fri Mar 10 23:19:25 2023] tpm tpm0: AMD fTPM version 0x3000700000003 causes system stutter; hwrng disabled
[Fri Mar 10 23:19:25 2023] AMD-Vi: AMD IOMMUv2 loaded and initialized
[Fri Mar 10 23:19:25 2023] ahci 0000:02:00.1: version 3.0
[Fri Mar 10 23:19:25 2023] ahci 0000:02:00.1: SSS flag set, parallel bus scan disabled
[Fri Mar 10 23:19:25 2023] ahci 0000:02:00.1: AHCI 0001.0301 32 slots 8 ports 6 Gbps 0xff impl SATA mode
[Fri Mar 10 23:19:25 2023] ahci 0000:02:00.1: flags: 64bit ncq sntf stag pm led clo only pmp pio slum part sxs deso sadm sds apst
[Fri Mar 10 23:19:25 2023] scsi host0: ahci
[Fri Mar 10 23:19:25 2023] scsi host1: ahci
[Fri Mar 10 23:19:25 2023] scsi host2: ahci
[Fri Mar 10 23:19:25 2023] scsi host3: ahci
[Fri Mar 10 23:19:25 2023] scsi host4: ahci
[Fri Mar 10 23:19:25 2023] scsi host5: ahci
[Fri Mar 10 23:19:25 2023] scsi host6: ahci
[Fri Mar 10 23:19:25 2023] scsi host7: ahci
[Fri Mar 10 23:19:25 2023] ata1: SATA max UDMA/133 abar m131072@0xfcb80000 port 0xfcb80100 irq 41
[Fri Mar 10 23:19:25 2023] ata2: SATA max UDMA/133 abar m131072@0xfcb80000 port 0xfcb80180 irq 41
[Fri Mar 10 23:19:25 2023] ata3: SATA max UDMA/133 abar m131072@0xfcb80000 port 0xfcb80200 irq 41
[Fri Mar 10 23:19:25 2023] ata4: SATA max UDMA/133 abar m131072@0xfcb80000 port 0xfcb80280 irq 41
[Fri Mar 10 23:19:25 2023] ata5: SATA max UDMA/133 abar m131072@0xfcb80000 port 0xfcb80300 irq 41
[Fri Mar 10 23:19:25 2023] ata6: SATA max UDMA/133 abar m131072@0xfcb80000 port 0xfcb80380 irq 41
[Fri Mar 10 23:19:25 2023] ata7: SATA max UDMA/133 abar m131072@0xfcb80000 port 0xfcb80400 irq 41
[Fri Mar 10 23:19:25 2023] ata8: SATA max UDMA/133 abar m131072@0xfcb80000 port 0xfcb80480 irq 41
[Fri Mar 10 23:19:25 2023] ahci 0000:0c:00.2: AHCI 0001.0301 32 slots 1 ports 6 Gbps 0x1 impl SATA mode
[Fri Mar 10 23:19:25 2023] ahci 0000:0c:00.2: flags: 64bit ncq sntf ilck pm led clo only pmp fbs pio slum part
[Fri Mar 10 23:19:25 2023] scsi host8: ahci
[Fri Mar 10 23:19:25 2023] ata9: SATA max UDMA/133 abar m4096@0xfce08000 port 0xfce08100 irq 43
[Fri Mar 10 23:19:25 2023] ACPI: bus type drm_connector registered
[Fri Mar 10 23:19:25 2023] usbcore: registered new interface driver usbserial_generic
[Fri Mar 10 23:19:25 2023] usbserial: USB Serial support registered for generic
[Fri Mar 10 23:19:25 2023] rtc_cmos 00:01: RTC can wake from S4
[Fri Mar 10 23:19:25 2023] rtc_cmos 00:01: registered as rtc0
[Fri Mar 10 23:19:25 2023] rtc_cmos 00:01: setting system clock to 2023-03-11T05:19:26 UTC (1678511966)
[Fri Mar 10 23:19:25 2023] rtc_cmos 00:01: alarms up to one month, y3k, 114 bytes nvram, hpet irqs
[Fri Mar 10 23:19:25 2023] ledtrig-cpu: registered to indicate activity on CPUs
[Fri Mar 10 23:19:25 2023] efifb: probing for efifb
[Fri Mar 10 23:19:25 2023] efifb: framebuffer at 0xd0000000, using 3072k, total 3072k
[Fri Mar 10 23:19:25 2023] efifb: mode is 1024x768x32, linelength=4096, pages=1
[Fri Mar 10 23:19:25 2023] efifb: scrolling: redraw
[Fri Mar 10 23:19:25 2023] efifb: Truecolor: size=8:8:8:8, shift=24:16:8:0
[Fri Mar 10 23:19:25 2023] Console: switching to colour frame buffer device 128x48
[Fri Mar 10 23:19:25 2023] fb0: EFI VGA frame buffer device
[Fri Mar 10 23:19:25 2023] hid: raw HID events driver (C) Jiri Kosina
[Fri Mar 10 23:19:25 2023] drop_monitor: Initializing network drop monitor service
[Fri Mar 10 23:19:25 2023] Initializing XFRM netlink socket
[Fri Mar 10 23:19:25 2023] IPv6: Loaded, but administratively disabled, reboot required to enable
[Fri Mar 10 23:19:25 2023] NET: Registered PF_PACKET protocol family
[Fri Mar 10 23:19:25 2023] microcode: CPU0: patch_level=0x08001138
[Fri Mar 10 23:19:25 2023] microcode: CPU1: patch_level=0x08001138
[Fri Mar 10 23:19:25 2023] microcode: CPU3: patch_level=0x08001138
[Fri Mar 10 23:19:25 2023] microcode: CPU4: patch_level=0x08001138
[Fri Mar 10 23:19:25 2023] microcode: CPU5: patch_level=0x08001138
[Fri Mar 10 23:19:25 2023] microcode: CPU6: patch_level=0x08001138
[Fri Mar 10 23:19:25 2023] microcode: CPU2: patch_level=0x08001138
[Fri Mar 10 23:19:25 2023] microcode: CPU7: patch_level=0x08001138
[Fri Mar 10 23:19:25 2023] microcode: Microcode Update Driver: v2.2.
[Fri Mar 10 23:19:25 2023] IPI shorthand broadcast: enabled
[Fri Mar 10 23:19:25 2023] sched_clock: Marking stable (2964105209, 1407705)->(2984656032, -19143118)
[Fri Mar 10 23:19:25 2023] registered taskstats version 1
[Fri Mar 10 23:19:25 2023] Loading compiled-in X.509 certificates
[Fri Mar 10 23:19:25 2023] Loaded X.509 cert 'Build time autogenerated kernel key: ac5b5368dc8b061d63fc864f98790a40c831d2f8'
[Fri Mar 10 23:19:25 2023] zswap: loaded using pool lz4/z3fold
[Fri Mar 10 23:19:25 2023] zswap: debugfs initialization failed
[Fri Mar 10 23:19:25 2023] Key type .fscrypt registered
[Fri Mar 10 23:19:25 2023] Key type fscrypt-provisioning registered
[Fri Mar 10 23:19:25 2023] PM:   Magic number: 15:605:314
[Fri Mar 10 23:19:25 2023] RAS: Correctable Errors collector initialized.
[Fri Mar 10 23:19:26 2023] Freeing initrd memory: 37492K
[Fri Mar 10 23:19:26 2023] ata9: SATA link down (SStatus 0 SControl 300)
[Fri Mar 10 23:19:26 2023] ata1: SATA link down (SStatus 0 SControl 300)
[Fri Mar 10 23:19:26 2023] ata2: SATA link down (SStatus 0 SControl 300)
[Fri Mar 10 23:19:26 2023] ata3: SATA link down (SStatus 0 SControl 300)
[Fri Mar 10 23:19:26 2023] tsc: Refined TSC clocksource calibration: 3400.090 MHz
[Fri Mar 10 23:19:26 2023] clocksource: tsc: mask: 0xffffffffffffffff max_cycles: 0x3102a3c8461, max_idle_ns: 440795373936 ns
[Fri Mar 10 23:19:26 2023] clocksource: Switched to clocksource tsc
[Fri Mar 10 23:19:27 2023] ata4: SATA link down (SStatus 0 SControl 300)
[Fri Mar 10 23:19:27 2023] ata5: SATA link down (SStatus 0 SControl 300)
[Fri Mar 10 23:19:27 2023] ata6: SATA link up 6.0 Gbps (SStatus 133 SControl 300)
[Fri Mar 10 23:19:27 2023] ata6.00: ATA-9: ST2000DM006-2DM164, CC26, max UDMA/133
[Fri Mar 10 23:19:27 2023] ata6.00: 3907029168 sectors, multi 16: LBA48 NCQ (depth 32), AA
[Fri Mar 10 23:19:27 2023] ata6.00: configured for UDMA/133
[Fri Mar 10 23:19:27 2023] scsi 5:0:0:0: Direct-Access     ATA      ST2000DM006-2DM1 CC26 PQ: 0 ANSI: 5
[Fri Mar 10 23:19:27 2023] sd 5:0:0:0: [sda] 3907029168 512-byte logical blocks: (2.00 TB/1.82 TiB)
[Fri Mar 10 23:19:27 2023] sd 5:0:0:0: [sda] 4096-byte physical blocks
[Fri Mar 10 23:19:27 2023] sd 5:0:0:0: [sda] Write Protect is off
[Fri Mar 10 23:19:27 2023] sd 5:0:0:0: [sda] Mode Sense: 00 3a 00 00
[Fri Mar 10 23:19:27 2023] sd 5:0:0:0: [sda] Write cache: enabled, read cache: enabled, doesn't support DPO or FUA
[Fri Mar 10 23:19:27 2023] sd 5:0:0:0: [sda] Preferred minimum I/O size 4096 bytes
[Fri Mar 10 23:19:28 2023]  sda: sda1 sda2 sda3 sda4 sda5 sda6
[Fri Mar 10 23:19:28 2023] sd 5:0:0:0: [sda] Attached SCSI disk
[Fri Mar 10 23:19:28 2023] ata7: SATA link up 6.0 Gbps (SStatus 133 SControl 300)
[Fri Mar 10 23:19:28 2023] ata7.00: ATA-9: WDC WD10EZEX-00BN5A0, 01.01A01, max UDMA/133
[Fri Mar 10 23:19:28 2023] ata7.00: 1953525168 sectors, multi 16: LBA48 NCQ (depth 32), AA
[Fri Mar 10 23:19:28 2023] ata7.00: configured for UDMA/133
[Fri Mar 10 23:19:28 2023] scsi 6:0:0:0: Direct-Access     ATA      WDC WD10EZEX-00B 1A01 PQ: 0 ANSI: 5
[Fri Mar 10 23:19:28 2023] sd 6:0:0:0: [sdb] 1953525168 512-byte logical blocks: (1.00 TB/932 GiB)
[Fri Mar 10 23:19:28 2023] sd 6:0:0:0: [sdb] 4096-byte physical blocks
[Fri Mar 10 23:19:28 2023] sd 6:0:0:0: [sdb] Write Protect is off
[Fri Mar 10 23:19:28 2023] sd 6:0:0:0: [sdb] Mode Sense: 00 3a 00 00
[Fri Mar 10 23:19:28 2023] sd 6:0:0:0: [sdb] Write cache: enabled, read cache: enabled, doesn't support DPO or FUA
[Fri Mar 10 23:19:28 2023] sd 6:0:0:0: [sdb] Preferred minimum I/O size 4096 bytes
[Fri Mar 10 23:19:28 2023]  sdb: sdb1 sdb2 sdb3
[Fri Mar 10 23:19:28 2023] sd 6:0:0:0: [sdb] Attached SCSI disk
[Fri Mar 10 23:19:28 2023] ata8: SATA link down (SStatus 0 SControl 300)
[Fri Mar 10 23:19:28 2023] Freeing unused decrypted memory: 2036K
[Fri Mar 10 23:19:28 2023] Freeing unused kernel image (initmem) memory: 3272K
[Fri Mar 10 23:19:28 2023] Write protecting the kernel read-only data: 32768k
[Fri Mar 10 23:19:28 2023] Freeing unused kernel image (rodata/data gap) memory: 1808K
[Fri Mar 10 23:19:28 2023] x86/mm: Checked W+X mappings: passed, no W+X pages found.
[Fri Mar 10 23:19:28 2023] rodata_test: all tests were successful
[Fri Mar 10 23:19:28 2023] x86/mm: Checking user space page tables
[Fri Mar 10 23:19:28 2023] x86/mm: Checked W+X mappings: passed, no W+X pages found.
[Fri Mar 10 23:19:28 2023] Run /init as init process
[Fri Mar 10 23:19:28 2023]   with arguments:
[Fri Mar 10 23:19:28 2023]     /init
[Fri Mar 10 23:19:28 2023]   with environment:
[Fri Mar 10 23:19:28 2023]     HOME=/
[Fri Mar 10 23:19:28 2023]     TERM=linux
[Fri Mar 10 23:19:28 2023]     cryptdevice=PARTUUID=6c037d31-1889-463d-bd45-959802097cb6:luksdev
[Fri Mar 10 23:19:28 2023]     spec_store_bypass_disable=on
[Fri Mar 10 23:19:28 2023]     spectre_v2=on
[Fri Mar 10 23:19:28 2023]     pti=on
[Fri Mar 10 23:19:28 2023] cec: Failed to create debugfs cec dir
[Fri Mar 10 23:19:28 2023] wmi_bus wmi_bus-PNP0C14:01: WQAA data block query control method not found
[Fri Mar 10 23:19:30 2023] [drm] amdgpu kernel modesetting enabled.
[Fri Mar 10 23:19:30 2023] amdgpu: Ignoring ACPI CRAT on non-APU system
[Fri Mar 10 23:19:30 2023] amdgpu: Virtual CRAT table created for CPU
[Fri Mar 10 23:19:30 2023] amdgpu: Topology: Add CPU node
[Fri Mar 10 23:19:30 2023] [drm] initializing kernel modesetting (VEGA10 0x1002:0x687F 0x148C:0x2388 0xC3).
[Fri Mar 10 23:19:30 2023] [drm] register mmio base: 0xFCC00000
[Fri Mar 10 23:19:30 2023] [drm] register mmio size: 524288
[Fri Mar 10 23:19:30 2023] [drm] add ip block number 0 <soc15_common>
[Fri Mar 10 23:19:30 2023] [drm] add ip block number 1 <gmc_v9_0>
[Fri Mar 10 23:19:30 2023] [drm] add ip block number 2 <vega10_ih>
[Fri Mar 10 23:19:30 2023] [drm] add ip block number 3 <psp>
[Fri Mar 10 23:19:30 2023] [drm] add ip block number 4 <powerplay>
[Fri Mar 10 23:19:30 2023] [drm] add ip block number 5 <dm>
[Fri Mar 10 23:19:30 2023] [drm] add ip block number 6 <gfx_v9_0>
[Fri Mar 10 23:19:30 2023] [drm] add ip block number 7 <sdma_v4_0>
[Fri Mar 10 23:19:30 2023] [drm] add ip block number 8 <uvd_v7_0>
[Fri Mar 10 23:19:30 2023] [drm] add ip block number 9 <vce_v4_0>
[Fri Mar 10 23:19:30 2023] amdgpu 0000:0a:00.0: No more image in the PCI ROM
[Fri Mar 10 23:19:30 2023] amdgpu 0000:0a:00.0: amdgpu: Fetched VBIOS from ROM BAR
[Fri Mar 10 23:19:30 2023] amdgpu: ATOM BIOS: 111
[Fri Mar 10 23:19:30 2023] [drm] UVD(0) is enabled in VM mode
[Fri Mar 10 23:19:30 2023] [drm] UVD(0) ENC is enabled in VM mode
[Fri Mar 10 23:19:30 2023] [drm] VCE enabled in VM mode
[Fri Mar 10 23:19:30 2023] Console: switching to colour dummy device 80x25
[Fri Mar 10 23:19:30 2023] amdgpu 0000:0a:00.0: vgaarb: deactivate vga console
[Fri Mar 10 23:19:30 2023] amdgpu 0000:0a:00.0: amdgpu: Trusted Memory Zone (TMZ) feature not supported
[Fri Mar 10 23:19:30 2023] amdgpu 0000:0a:00.0: amdgpu: MEM ECC is not presented.
[Fri Mar 10 23:19:30 2023] amdgpu 0000:0a:00.0: amdgpu: SRAM ECC is not presented.
[Fri Mar 10 23:19:30 2023] [drm] vm size is 262144 GB, 4 levels, block size is 9-bit, fragment size is 9-bit
[Fri Mar 10 23:19:30 2023] amdgpu 0000:0a:00.0: amdgpu: VRAM: 8176M 0x000000F400000000 - 0x000000F5FEFFFFFF (8176M used)
[Fri Mar 10 23:19:30 2023] amdgpu 0000:0a:00.0: amdgpu: GART: 512M 0x0000000000000000 - 0x000000001FFFFFFF
[Fri Mar 10 23:19:30 2023] amdgpu 0000:0a:00.0: amdgpu: AGP: 267419648M 0x000000F800000000 - 0x0000FFFFFFFFFFFF
[Fri Mar 10 23:19:30 2023] [drm] Detected VRAM RAM=8176M, BAR=256M
[Fri Mar 10 23:19:30 2023] [drm] RAM width 2048bits HBM
[Fri Mar 10 23:19:30 2023] [drm] amdgpu: 8176M of VRAM memory ready
[Fri Mar 10 23:19:30 2023] [drm] amdgpu: 7667M of GTT memory ready.
[Fri Mar 10 23:19:30 2023] [drm] GART: num cpu pages 131072, num gpu pages 131072
[Fri Mar 10 23:19:30 2023] [drm] PCIE GART of 512M enabled.
[Fri Mar 10 23:19:30 2023] [drm] PTB located at 0x000000F400000000
[Fri Mar 10 23:19:30 2023] amdgpu 0000:0a:00.0: amdgpu: PSP runtime database doesn't exist
[Fri Mar 10 23:19:30 2023] amdgpu 0000:0a:00.0: amdgpu: PSP runtime database doesn't exist
[Fri Mar 10 23:19:30 2023] amdgpu: hwmgr_sw_init smu backed is vega10_smu
[Fri Mar 10 23:19:30 2023] [drm] Found UVD firmware Version: 66.43 Family ID: 17
[Fri Mar 10 23:19:30 2023] [drm] PSP loading UVD firmware
[Fri Mar 10 23:19:30 2023] [drm] Found VCE firmware Version: 57.6 Binary ID: 4
[Fri Mar 10 23:19:30 2023] [drm] PSP loading VCE firmware
[Fri Mar 10 23:19:30 2023] [drm] reserve 0x400000 from 0xf5fec00000 for PSP TMR
[Fri Mar 10 23:19:30 2023] [drm] Display Core initialized with v3.2.215!
[Fri Mar 10 23:19:31 2023] [drm] kiq ring mec 2 pipe 1 q 0
[Fri Mar 10 23:19:31 2023] [drm] UVD and UVD ENC initialized successfully.
[Fri Mar 10 23:19:31 2023] [drm] VCE initialized successfully.
[Fri Mar 10 23:19:31 2023] kfd kfd: amdgpu: Allocated 3969056 bytes on gart
[Fri Mar 10 23:19:31 2023] amdgpu: sdma_bitmap: f
[Fri Mar 10 23:19:31 2023] memmap_init_zone_device initialised 2097152 pages in 20ms
[Fri Mar 10 23:19:31 2023] amdgpu: HMM registered 8176MB device memory
[Fri Mar 10 23:19:31 2023] amdgpu: SRAT table not found
[Fri Mar 10 23:19:31 2023] amdgpu: Virtual CRAT table created for GPU
[Fri Mar 10 23:19:31 2023] amdgpu: Topology: Add dGPU node [0x687f:0x1002]
[Fri Mar 10 23:19:31 2023] kfd kfd: amdgpu: added device 1002:687f
[Fri Mar 10 23:19:31 2023] amdgpu 0000:0a:00.0: amdgpu: SE 4, SH per SE 1, CU per SH 16, active_cu_number 56
[Fri Mar 10 23:19:31 2023] amdgpu 0000:0a:00.0: amdgpu: ring gfx uses VM inv eng 0 on hub 0
[Fri Mar 10 23:19:31 2023] amdgpu 0000:0a:00.0: amdgpu: ring gfx_low uses VM inv eng 1 on hub 0
[Fri Mar 10 23:19:31 2023] amdgpu 0000:0a:00.0: amdgpu: ring gfx_high uses VM inv eng 4 on hub 0
[Fri Mar 10 23:19:31 2023] amdgpu 0000:0a:00.0: amdgpu: ring comp_1.0.0 uses VM inv eng 5 on hub 0
[Fri Mar 10 23:19:31 2023] amdgpu 0000:0a:00.0: amdgpu: ring comp_1.1.0 uses VM inv eng 6 on hub 0
[Fri Mar 10 23:19:31 2023] amdgpu 0000:0a:00.0: amdgpu: ring comp_1.2.0 uses VM inv eng 7 on hub 0
[Fri Mar 10 23:19:31 2023] amdgpu 0000:0a:00.0: amdgpu: ring comp_1.3.0 uses VM inv eng 8 on hub 0
[Fri Mar 10 23:19:31 2023] amdgpu 0000:0a:00.0: amdgpu: ring comp_1.0.1 uses VM inv eng 9 on hub 0
[Fri Mar 10 23:19:31 2023] amdgpu 0000:0a:00.0: amdgpu: ring comp_1.1.1 uses VM inv eng 10 on hub 0
[Fri Mar 10 23:19:31 2023] amdgpu 0000:0a:00.0: amdgpu: ring comp_1.2.1 uses VM inv eng 11 on hub 0
[Fri Mar 10 23:19:31 2023] amdgpu 0000:0a:00.0: amdgpu: ring comp_1.3.1 uses VM inv eng 12 on hub 0
[Fri Mar 10 23:19:31 2023] amdgpu 0000:0a:00.0: amdgpu: ring kiq_2.1.0 uses VM inv eng 13 on hub 0
[Fri Mar 10 23:19:31 2023] amdgpu 0000:0a:00.0: amdgpu: ring sdma0 uses VM inv eng 0 on hub 1
[Fri Mar 10 23:19:31 2023] amdgpu 0000:0a:00.0: amdgpu: ring page0 uses VM inv eng 1 on hub 1
[Fri Mar 10 23:19:31 2023] amdgpu 0000:0a:00.0: amdgpu: ring sdma1 uses VM inv eng 4 on hub 1
[Fri Mar 10 23:19:31 2023] amdgpu 0000:0a:00.0: amdgpu: ring page1 uses VM inv eng 5 on hub 1
[Fri Mar 10 23:19:31 2023] amdgpu 0000:0a:00.0: amdgpu: ring uvd_0 uses VM inv eng 6 on hub 1
[Fri Mar 10 23:19:31 2023] amdgpu 0000:0a:00.0: amdgpu: ring uvd_enc_0.0 uses VM inv eng 7 on hub 1
[Fri Mar 10 23:19:31 2023] amdgpu 0000:0a:00.0: amdgpu: ring uvd_enc_0.1 uses VM inv eng 8 on hub 1
[Fri Mar 10 23:19:31 2023] amdgpu 0000:0a:00.0: amdgpu: ring vce0 uses VM inv eng 9 on hub 1
[Fri Mar 10 23:19:31 2023] amdgpu 0000:0a:00.0: amdgpu: ring vce1 uses VM inv eng 10 on hub 1
[Fri Mar 10 23:19:31 2023] amdgpu 0000:0a:00.0: amdgpu: ring vce2 uses VM inv eng 11 on hub 1
[Fri Mar 10 23:19:31 2023] [drm] Initialized amdgpu 3.49.0 20150101 for 0000:0a:00.0 on minor 0
[Fri Mar 10 23:19:31 2023] fbcon: amdgpudrmfb (fb0) is primary device
[Fri Mar 10 23:19:31 2023] Console: switching to colour frame buffer device 200x56
[Fri Mar 10 23:19:31 2023] amdgpu 0000:0a:00.0: [drm] fb0: amdgpudrmfb frame buffer device
[Fri Mar 10 23:19:31 2023] raid6: skipped pq benchmark and selected avx2x4
[Fri Mar 10 23:19:31 2023] raid6: using avx2x2 recovery algorithm
[Fri Mar 10 23:19:31 2023] xor: automatically using best checksumming function   avx
[Fri Mar 10 23:19:31 2023] Btrfs loaded, crc32c=crc32c-intel, zoned=yes, fsverity=yes
[Fri Mar 10 23:19:31 2023] xhci_hcd 0000:02:00.0: xHCI Host Controller
[Fri Mar 10 23:19:31 2023] xhci_hcd 0000:02:00.0: new USB bus registered, assigned bus number 1
[Fri Mar 10 23:19:31 2023] xhci_hcd 0000:0b:00.3: xHCI Host Controller
[Fri Mar 10 23:19:31 2023] xhci_hcd 0000:0b:00.3: new USB bus registered, assigned bus number 2
[Fri Mar 10 23:19:31 2023] xhci_hcd 0000:0b:00.3: hcc params 0x0270f665 hci version 0x100 quirks 0x0000000040000410
[Fri Mar 10 23:19:31 2023] xhci_hcd 0000:0b:00.3: xHCI Host Controller
[Fri Mar 10 23:19:31 2023] xhci_hcd 0000:0b:00.3: new USB bus registered, assigned bus number 3
[Fri Mar 10 23:19:31 2023] xhci_hcd 0000:0b:00.3: Host supports USB 3.0 SuperSpeed
[Fri Mar 10 23:19:31 2023] xhci_hcd 0000:04:00.0: xHCI Host Controller
[Fri Mar 10 23:19:31 2023] usb usb2: New USB device found, idVendor=1d6b, idProduct=0002, bcdDevice= 6.02
[Fri Mar 10 23:19:31 2023] usb usb2: New USB device strings: Mfr=3, Product=2, SerialNumber=1
[Fri Mar 10 23:19:31 2023] usb usb2: Product: xHCI Host Controller
[Fri Mar 10 23:19:31 2023] usb usb2: Manufacturer: Linux 6.2.2-zen2-1-zen xhci-hcd
[Fri Mar 10 23:19:31 2023] usb usb2: SerialNumber: 0000:0b:00.3
[Fri Mar 10 23:19:31 2023] hub 2-0:1.0: USB hub found
[Fri Mar 10 23:19:31 2023] hub 2-0:1.0: 4 ports detected
[Fri Mar 10 23:19:31 2023] usb usb3: We don't know the algorithms for LPM for this host, disabling LPM.
[Fri Mar 10 23:19:31 2023] usb usb3: New USB device found, idVendor=1d6b, idProduct=0003, bcdDevice= 6.02
[Fri Mar 10 23:19:31 2023] usb usb3: New USB device strings: Mfr=3, Product=2, SerialNumber=1
[Fri Mar 10 23:19:31 2023] usb usb3: Product: xHCI Host Controller
[Fri Mar 10 23:19:31 2023] usb usb3: Manufacturer: Linux 6.2.2-zen2-1-zen xhci-hcd
[Fri Mar 10 23:19:31 2023] usb usb3: SerialNumber: 0000:0b:00.3
[Fri Mar 10 23:19:31 2023] hub 3-0:1.0: USB hub found
[Fri Mar 10 23:19:31 2023] hub 3-0:1.0: 4 ports detected
[Fri Mar 10 23:19:31 2023] xhci_hcd 0000:04:00.0: new USB bus registered, assigned bus number 4
[Fri Mar 10 23:19:31 2023] ccp 0000:0b:00.2: enabling device (0000 -> 0002)
[Fri Mar 10 23:19:31 2023] ccp 0000:0b:00.2: ccp enabled
[Fri Mar 10 23:19:31 2023] ccp 0000:0b:00.2: psp enabled
[Fri Mar 10 23:19:31 2023] cryptd: max_cpu_qlen set to 1000
[Fri Mar 10 23:19:31 2023] AVX2 version of gcm_enc/dec engaged.
[Fri Mar 10 23:19:31 2023] AES CTR mode by8 optimization enabled
[Fri Mar 10 23:19:31 2023] xhci_hcd 0000:02:00.0: hcc params 0x0200ef81 hci version 0x110 quirks 0x0000010008000410
[Fri Mar 10 23:19:31 2023] xhci_hcd 0000:02:00.0: xHCI Host Controller
[Fri Mar 10 23:19:31 2023] xhci_hcd 0000:02:00.0: new USB bus registered, assigned bus number 5
[Fri Mar 10 23:19:31 2023] xhci_hcd 0000:02:00.0: Host supports USB 3.1 Enhanced SuperSpeed
[Fri Mar 10 23:19:31 2023] usb usb1: New USB device found, idVendor=1d6b, idProduct=0002, bcdDevice= 6.02
[Fri Mar 10 23:19:31 2023] usb usb1: New USB device strings: Mfr=3, Product=2, SerialNumber=1
[Fri Mar 10 23:19:31 2023] usb usb1: Product: xHCI Host Controller
[Fri Mar 10 23:19:31 2023] usb usb1: Manufacturer: Linux 6.2.2-zen2-1-zen xhci-hcd
[Fri Mar 10 23:19:31 2023] usb usb1: SerialNumber: 0000:02:00.0
[Fri Mar 10 23:19:31 2023] hub 1-0:1.0: USB hub found
[Fri Mar 10 23:19:31 2023] hub 1-0:1.0: 14 ports detected
[Fri Mar 10 23:19:31 2023] usb usb5: We don't know the algorithms for LPM for this host, disabling LPM.
[Fri Mar 10 23:19:31 2023] usb usb5: New USB device found, idVendor=1d6b, idProduct=0003, bcdDevice= 6.02
[Fri Mar 10 23:19:31 2023] usb usb5: New USB device strings: Mfr=3, Product=2, SerialNumber=1
[Fri Mar 10 23:19:31 2023] usb usb5: Product: xHCI Host Controller
[Fri Mar 10 23:19:31 2023] usb usb5: Manufacturer: Linux 6.2.2-zen2-1-zen xhci-hcd
[Fri Mar 10 23:19:31 2023] usb usb5: SerialNumber: 0000:02:00.0
[Fri Mar 10 23:19:31 2023] hub 5-0:1.0: USB hub found
[Fri Mar 10 23:19:31 2023] hub 5-0:1.0: 8 ports detected
[Fri Mar 10 23:19:31 2023] usb: port power management may be unreliable
[Fri Mar 10 23:19:31 2023] xhci_hcd 0000:04:00.0: hcc params 0x0200eec1 hci version 0x110 quirks 0x0000000000000010
[Fri Mar 10 23:19:31 2023] xhci_hcd 0000:04:00.0: xHCI Host Controller
[Fri Mar 10 23:19:31 2023] xhci_hcd 0000:04:00.0: new USB bus registered, assigned bus number 6
[Fri Mar 10 23:19:31 2023] xhci_hcd 0000:04:00.0: Host supports USB 3.1 Enhanced SuperSpeed
[Fri Mar 10 23:19:31 2023] usb usb4: New USB device found, idVendor=1d6b, idProduct=0002, bcdDevice= 6.02
[Fri Mar 10 23:19:31 2023] usb usb4: New USB device strings: Mfr=3, Product=2, SerialNumber=1
[Fri Mar 10 23:19:31 2023] usb usb4: Product: xHCI Host Controller
[Fri Mar 10 23:19:31 2023] usb usb4: Manufacturer: Linux 6.2.2-zen2-1-zen xhci-hcd
[Fri Mar 10 23:19:31 2023] usb usb4: SerialNumber: 0000:04:00.0
[Fri Mar 10 23:19:31 2023] hub 4-0:1.0: USB hub found
[Fri Mar 10 23:19:31 2023] hub 4-0:1.0: 2 ports detected
[Fri Mar 10 23:19:31 2023] usb usb6: We don't know the algorithms for LPM for this host, disabling LPM.
[Fri Mar 10 23:19:31 2023] usb usb6: New USB device found, idVendor=1d6b, idProduct=0003, bcdDevice= 6.02
[Fri Mar 10 23:19:31 2023] usb usb6: New USB device strings: Mfr=3, Product=2, SerialNumber=1
[Fri Mar 10 23:19:31 2023] usb usb6: Product: xHCI Host Controller
[Fri Mar 10 23:19:31 2023] usb usb6: Manufacturer: Linux 6.2.2-zen2-1-zen xhci-hcd
[Fri Mar 10 23:19:31 2023] usb usb6: SerialNumber: 0000:04:00.0
[Fri Mar 10 23:19:31 2023] hub 6-0:1.0: USB hub found
[Fri Mar 10 23:19:31 2023] hub 6-0:1.0: 2 ports detected
[Fri Mar 10 23:19:31 2023] nvme nvme0: pci function 0000:01:00.0
[Fri Mar 10 23:19:31 2023] nvme nvme0: 7/0/0 default/read/poll queues
[Fri Mar 10 23:19:31 2023]  nvme0n1: p1 p2
[Fri Mar 10 23:19:32 2023] usb 1-1: new full-speed USB device number 2 using xhci_hcd
[Fri Mar 10 23:19:32 2023] device-mapper: uevent: version 1.0.3
[Fri Mar 10 23:19:32 2023] device-mapper: ioctl: 4.47.0-ioctl (2022-07-28) initialised: dm-devel@redhat.com
[Fri Mar 10 23:19:32 2023] Key type trusted registered
[Fri Mar 10 23:19:32 2023] Key type encrypted registered
[Fri Mar 10 23:19:32 2023] usb 1-1: New USB device found, idVendor=1532, idProduct=0046, bcdDevice= 2.00
[Fri Mar 10 23:19:32 2023] usb 1-1: New USB device strings: Mfr=1, Product=2, SerialNumber=0
[Fri Mar 10 23:19:32 2023] usb 1-1: Product: Razer Mamba Tournament Edition
[Fri Mar 10 23:19:32 2023] usb 1-1: Manufacturer: Razer
[Fri Mar 10 23:19:32 2023] input: Razer Razer Mamba Tournament Edition as /devices/pci0000:00/0000:00:01.3/0000:02:00.0/usb1/1-1/1-1:1.0/0003:1532:0046.0001/input/input2
[Fri Mar 10 23:19:32 2023] hid-generic 0003:1532:0046.0001: input,hidraw0: USB HID v1.11 Mouse [Razer Razer Mamba Tournament Edition] on usb-0000:02:00.0-1/input0
[Fri Mar 10 23:19:32 2023] input: Razer Razer Mamba Tournament Edition Keyboard as /devices/pci0000:00/0000:00:01.3/0000:02:00.0/usb1/1-1/1-1:1.1/0003:1532:0046.0002/input/input3
[Fri Mar 10 23:19:32 2023] input: Razer Razer Mamba Tournament Edition as /devices/pci0000:00/0000:00:01.3/0000:02:00.0/usb1/1-1/1-1:1.1/0003:1532:0046.0002/input/input4
[Fri Mar 10 23:19:32 2023] hid-generic 0003:1532:0046.0002: input,hidraw1: USB HID v1.11 Keyboard [Razer Razer Mamba Tournament Edition] on usb-0000:02:00.0-1/input1
[Fri Mar 10 23:19:32 2023] input: Razer Razer Mamba Tournament Edition as /devices/pci0000:00/0000:00:01.3/0000:02:00.0/usb1/1-1/1-1:1.2/0003:1532:0046.0003/input/input5
[Fri Mar 10 23:19:32 2023] hid-generic 0003:1532:0046.0003: input,hidraw2: USB HID v1.11 Keyboard [Razer Razer Mamba Tournament Edition] on usb-0000:02:00.0-1/input2
[Fri Mar 10 23:19:32 2023] usbcore: registered new interface driver usbhid
[Fri Mar 10 23:19:32 2023] usbhid: USB HID core driver
[Fri Mar 10 23:19:32 2023] usb 1-2: new full-speed USB device number 3 using xhci_hcd
[Fri Mar 10 23:19:32 2023] usb 1-2: New USB device found, idVendor=1532, idProduct=025e, bcdDevice= 2.00
[Fri Mar 10 23:19:32 2023] usb 1-2: New USB device strings: Mfr=1, Product=2, SerialNumber=0
[Fri Mar 10 23:19:32 2023] usb 1-2: Product: Razer Cynosa V2
[Fri Mar 10 23:19:32 2023] usb 1-2: Manufacturer: Razer
[Fri Mar 10 23:19:33 2023] input: Razer Razer Cynosa V2 as /devices/pci0000:00/0000:00:01.3/0000:02:00.0/usb1/1-2/1-2:1.0/0003:1532:025E.0004/input/input6
[Fri Mar 10 23:19:33 2023] hid-generic 0003:1532:025E.0004: input,hidraw3: USB HID v1.11 Keyboard [Razer Razer Cynosa V2] on usb-0000:02:00.0-2/input0
[Fri Mar 10 23:19:33 2023] input: Razer Razer Cynosa V2 Keyboard as /devices/pci0000:00/0000:00:01.3/0000:02:00.0/usb1/1-2/1-2:1.1/0003:1532:025E.0005/input/input7
[Fri Mar 10 23:19:33 2023] input: Razer Razer Cynosa V2 as /devices/pci0000:00/0000:00:01.3/0000:02:00.0/usb1/1-2/1-2:1.1/0003:1532:025E.0005/input/input8
[Fri Mar 10 23:19:33 2023] hid-generic 0003:1532:025E.0005: input,hidraw4: USB HID v1.11 Keyboard [Razer Razer Cynosa V2] on usb-0000:02:00.0-2/input1
[Fri Mar 10 23:19:33 2023] input: Razer Razer Cynosa V2 as /devices/pci0000:00/0000:00:01.3/0000:02:00.0/usb1/1-2/1-2:1.2/0003:1532:025E.0006/input/input9
[Fri Mar 10 23:19:33 2023] hid-generic 0003:1532:025E.0006: input,hidraw5: USB HID v1.11 Mouse [Razer Razer Cynosa V2] on usb-0000:02:00.0-2/input2
[Fri Mar 10 23:19:45 2023] BTRFS: device fsid f47e598d-2b02-4c96-8c12-2c6772469c10 devid 1 transid 25548 /dev/dm-0 scanned by (udev-worker) (461)
[Fri Mar 10 23:19:45 2023] BTRFS info (device dm-0): using crc32c (crc32c-intel) checksum algorithm
[Fri Mar 10 23:19:45 2023] BTRFS info (device dm-0): using free space tree
[Fri Mar 10 23:19:45 2023] BTRFS info (device dm-0): enabling ssd optimizations
[Fri Mar 10 23:19:45 2023] systemd[1]: systemd 253.1-3-arch running in system mode (+PAM +AUDIT -SELINUX -APPARMOR -IMA +SMACK +SECCOMP +GCRYPT +GNUTLS +OPENSSL +ACL +BLKID +CURL +ELFUTILS +FIDO2 +IDN2 -IDN +IPTC +KMOD +LIBCRYPTSETUP +LIBFDISK +PCRE2 -PWQUALITY +P11KIT -QRENCODE +TPM2 +BZIP2 +LZ4 +XZ +ZLIB +ZSTD +BPF_FRAMEWORK +XKBCOMMON +UTMP -SYSVINIT default-hierarchy=unified)
[Fri Mar 10 23:19:45 2023] systemd[1]: Detected architecture x86-64.
[Fri Mar 10 23:19:45 2023] systemd[1]: Hostname set to <dint>.
[Fri Mar 10 23:19:46 2023] systemd[1]: bpf-lsm: LSM BPF program attached
[Fri Mar 10 23:19:46 2023] zram: Added device: zram0
[Fri Mar 10 23:19:46 2023] systemd[1]: Queued start job for default target Graphical Interface.
[Fri Mar 10 23:19:46 2023] systemd[1]: Created slice Virtual Machine and Container Slice.
[Fri Mar 10 23:19:46 2023] systemd[1]: Created slice Slice /system/getty.
[Fri Mar 10 23:19:46 2023] systemd[1]: Created slice Slice /system/modprobe.
[Fri Mar 10 23:19:46 2023] systemd[1]: Created slice Slice /system/syslog-ng.
[Fri Mar 10 23:19:46 2023] systemd[1]: Created slice Slice /system/systemd-fsck.
[Fri Mar 10 23:19:46 2023] systemd[1]: Created slice Slice /system/systemd-zram-setup.
[Fri Mar 10 23:19:46 2023] systemd[1]: Created slice User and Session Slice.
[Fri Mar 10 23:19:46 2023] systemd[1]: Started Dispatch Password Requests to Console Directory Watch.
[Fri Mar 10 23:19:46 2023] systemd[1]: Started Forward Password Requests to Wall Directory Watch.
[Fri Mar 10 23:19:46 2023] systemd[1]: Set up automount Arbitrary Executable File Formats File System Automount Point.
[Fri Mar 10 23:19:46 2023] systemd[1]: Reached target Local Encrypted Volumes.
[Fri Mar 10 23:19:46 2023] systemd[1]: Reached target Login Prompts.
[Fri Mar 10 23:19:46 2023] systemd[1]: Reached target Local Integrity Protected Volumes.
[Fri Mar 10 23:19:46 2023] systemd[1]: Reached target Remote File Systems.
[Fri Mar 10 23:19:46 2023] systemd[1]: Reached target Slice Units.
[Fri Mar 10 23:19:46 2023] systemd[1]: Reached target Local Verity Protected Volumes.
[Fri Mar 10 23:19:46 2023] systemd[1]: Listening on Device-mapper event daemon FIFOs.
[Fri Mar 10 23:19:46 2023] systemd[1]: Listening on LVM2 poll daemon socket.
[Fri Mar 10 23:19:46 2023] systemd[1]: Listening on Process Core Dump Socket.
[Fri Mar 10 23:19:46 2023] systemd[1]: Listening on Journal Socket (/dev/log).
[Fri Mar 10 23:19:46 2023] systemd[1]: Listening on Journal Socket.
[Fri Mar 10 23:19:46 2023] systemd[1]: Listening on udev Control Socket.
[Fri Mar 10 23:19:46 2023] systemd[1]: Listening on udev Kernel Socket.
[Fri Mar 10 23:19:46 2023] systemd[1]: Mounting Huge Pages File System...
[Fri Mar 10 23:19:46 2023] systemd[1]: Mounting POSIX Message Queue File System...
[Fri Mar 10 23:19:46 2023] systemd[1]: Kernel Debug File System was skipped because of an unmet condition check (ConditionPathExists=/sys/kernel/debug).
[Fri Mar 10 23:19:46 2023] systemd[1]: Mounting Kernel Trace File System...
[Fri Mar 10 23:19:46 2023] systemd[1]: Starting Create List of Static Device Nodes...
[Fri Mar 10 23:19:46 2023] systemd[1]: Starting Monitoring of LVM2 mirrors, snapshots etc. using dmeventd or progress polling...
[Fri Mar 10 23:19:46 2023] systemd[1]: Starting Load Kernel Module configfs...
[Fri Mar 10 23:19:46 2023] systemd[1]: Starting Load Kernel Module dm_mod...
[Fri Mar 10 23:19:46 2023] systemd[1]: Starting Load Kernel Module drm...
[Fri Mar 10 23:19:46 2023] systemd[1]: Starting Load Kernel Module fuse...
[Fri Mar 10 23:19:46 2023] systemd[1]: Starting Load Kernel Module loop...
[Fri Mar 10 23:19:46 2023] systemd[1]: Starting Journal Service...
[Fri Mar 10 23:19:46 2023] systemd[1]: Starting Load Kernel Modules...
[Fri Mar 10 23:19:46 2023] systemd[1]: TPM2 PCR Machine ID Measurement was skipped because of an unmet condition check (ConditionPathExists=/sys/firmware/efi/efivars/StubPcrKernelImage-4a67b082-0a4c-41cf-b6c7-440b29bb8c4f).
[Fri Mar 10 23:19:46 2023] systemd[1]: Starting Remount Root and Kernel File Systems...
[Fri Mar 10 23:19:46 2023] systemd[1]: Starting Coldplug All udev Devices...
[Fri Mar 10 23:19:46 2023] systemd[1]: Mounted Huge Pages File System.
[Fri Mar 10 23:19:46 2023] systemd[1]: Mounted POSIX Message Queue File System.
[Fri Mar 10 23:19:46 2023] systemd[1]: Mounted Kernel Trace File System.
[Fri Mar 10 23:19:46 2023] fuse: init (API version 7.38)
[Fri Mar 10 23:19:46 2023] loop: module loaded
[Fri Mar 10 23:19:46 2023] systemd[1]: Finished Create List of Static Device Nodes.
[Fri Mar 10 23:19:46 2023] systemd[1]: modprobe@configfs.service: Deactivated successfully.
[Fri Mar 10 23:19:46 2023] sd 5:0:0:0: Attached scsi generic sg0 type 0
[Fri Mar 10 23:19:46 2023] sd 6:0:0:0: Attached scsi generic sg1 type 0
[Fri Mar 10 23:19:46 2023] systemd[1]: Finished Load Kernel Module configfs.
[Fri Mar 10 23:19:46 2023] systemd[1]: modprobe@dm_mod.service: Deactivated successfully.
[Fri Mar 10 23:19:46 2023] systemd[1]: Finished Load Kernel Module dm_mod.
[Fri Mar 10 23:19:46 2023] systemd[1]: modprobe@drm.service: Deactivated successfully.
[Fri Mar 10 23:19:46 2023] systemd[1]: Finished Load Kernel Module drm.
[Fri Mar 10 23:19:46 2023] systemd[1]: modprobe@fuse.service: Deactivated successfully.
[Fri Mar 10 23:19:46 2023] mc: Linux media interface: v0.10
[Fri Mar 10 23:19:46 2023] systemd[1]: Finished Load Kernel Module fuse.
[Fri Mar 10 23:19:46 2023] videodev: Linux video capture interface: v2.00
[Fri Mar 10 23:19:46 2023] systemd[1]: modprobe@loop.service: Deactivated successfully.
[Fri Mar 10 23:19:46 2023] v4l2loopback_dc: loading out-of-tree module taints kernel.
[Fri Mar 10 23:19:46 2023] v4l2loopback_dc: module verification failed: signature and/or required key missing - tainting kernel
[Fri Mar 10 23:19:46 2023] v4l2loopback driver version 0.6.3 (droidcam) loaded
[Fri Mar 10 23:19:46 2023] i2c_dev: i2c /dev entries driver
[Fri Mar 10 23:19:46 2023] it87: Found IT8733E chip at 0xa60, revision 3
[Fri Mar 10 23:19:46 2023] systemd[1]: Finished Load Kernel Module loop.
[Fri Mar 10 23:19:46 2023] systemd[1]: Finished Monitoring of LVM2 mirrors, snapshots etc. using dmeventd or progress polling.
[Fri Mar 10 23:19:46 2023] vboxdrv: Found 8 processor cores/threads
[Fri Mar 10 23:19:46 2023] systemd[1]: Finished Remount Root and Kernel File Systems.
[Fri Mar 10 23:19:46 2023] systemd[1]: Started Journal Service.
[Fri Mar 10 23:19:46 2023] vboxdrv: TSC mode is Invariant, tentative frequency 3400087633 Hz
[Fri Mar 10 23:19:46 2023] vboxdrv: Successfully loaded version 7.0.6 r155176 (interface 0x00330004)
[Fri Mar 10 23:19:46 2023] VBoxNetAdp: Successfully started.
[Fri Mar 10 23:19:46 2023] VBoxNetFlt: Successfully started.
[Fri Mar 10 23:19:46 2023] BTRFS info: devid 1 device path /dev/mapper/luksdev changed to /dev/dm-0 scanned by (udev-worker) (552)
[Fri Mar 10 23:19:46 2023] BTRFS info: devid 1 device path /dev/dm-0 changed to /dev/mapper/luksdev scanned by (udev-worker) (552)
[Fri Mar 10 23:19:46 2023] zram0: detected capacity change from 0 to 8388608
[Fri Mar 10 23:19:46 2023] acpi_cpufreq: overriding BIOS provided _PSD data
[Fri Mar 10 23:19:46 2023] ACPI Warning: SystemIO range 0x0000000000000B00-0x0000000000000B08 conflicts with OpRegion 0x0000000000000B00-0x0000000000000B0F (\GSA1.SMBI) (20221020/utaddress-204)
